123.21.242.255 - - [22/Nov/2021:06:29:56 +0000] "GET /wp-content/uploads/2021/06/hinh-anh-nen-ban-phim-may-tinh-dep-270x340.jpg HTTP/1.1" 200 23146 "https://annhushop.com/" "Mozilla/5.0 (Windows NT 10.0; Win64; x64) AppleWebKit/537.36 (KHTML, like Gecko) Chrome/96.0.4664.45 Safari/537.36"
123.21.242.255 - - [22/Nov/2021:06:29:56 +0000] "GET /wp-content/uploads/2021/06/tent_camping_remote_campsite_outdoors_alone_camp_camping_tent-647251-270x340.jpg HTTP/1.1" 200 16212 "https://annhushop.com/" "Mozilla/5.0 (Windows NT 10.0; Win64; x64) AppleWebKit/537.36 (KHTML, like Gecko) Chrome/96.0.4664.45 Safari/537.36"
123.21.242.255 - - [22/Nov/2021:06:29:56 +0000] "GET /wp-content/uploads/2021/06/73e2b379df2b24472f2974a98e71238d-1-270x340.jpg HTTP/1.1" 200 11514 "https://annhushop.com/" "Mozilla/5.0 (Windows NT 10.0; Win64; x64) AppleWebKit/537.36 (KHTML, like Gecko) Chrome/96.0.4664.45 Safari/537.36"
123.21.242.255 - - [22/Nov/2021:06:29:56 +0000] "GET /wp-content/uploads/2021/06/bce851a8234e5a198e96462e9b88065c-270x340.jpg HTTP/1.1" 200 15466 "https://annhushop.com/" "Mozilla/5.0 (Windows NT 10.0; Win64; x64) AppleWebKit/537.36 (KHTML, like Gecko) Chrome/96.0.4664.45 Safari/537.36"
123.21.242.255 - - [22/Nov/2021:06:29:57 +0000] "GET /wp-content/uploads/2021/04/48-6966-270x340.jpg HTTP/1.1" 200 17504 "https://annhushop.com/" "Mozilla/5.0 (Windows NT 10.0; Win64; x64) AppleWebKit/537.36 (KHTML, like Gecko) Chrome/96.0.4664.45 Safari/537.36"
123.21.242.255 - - [22/Nov/2021:06:29:58 +0000] "GET /wp-content/uploads/2021/03/gay-chup-anh-bluetooth-tripod-xmobile-k06-den-1-600x600-1-270x340.jpg HTTP/1.1" 200 14331 "https://annhushop.com/" "Mozilla/5.0 (Windows NT 10.0; Win64; x64) AppleWebKit/537.36 (KHTML, like Gecko) Chrome/96.0.4664.45 Safari/537.36"
123.21.242.255 - - [22/Nov/2021:06:29:57 +0000] "POST /?wc-ajax=get_refreshed_fragments HTTP/1.1" 200 1304 "https://annhushop.com/" "Mozilla/5.0 (Windows NT 10.0; Win64; x64) AppleWebKit/537.36 (KHTML, like Gecko) Chrome/96.0.4664.45 Safari/537.36"
123.21.242.255 - - [22/Nov/2021:06:29:59 +0000] "GET /wp-content/uploads/2021/06/Guong-tron-treo-day-da-1-270x340.jpg HTTP/1.1" 200 11562 "https://annhushop.com/" "Mozilla/5.0 (Windows NT 10.0; Win64; x64) AppleWebKit/537.36 (KHTML, like Gecko) Chrome/96.0.4664.45 Safari/537.36"
123.21.242.255 - - [22/Nov/2021:06:30:00 +0000] "GET /wp-content/uploads/2021/05/102-3957-270x340.jpg HTTP/1.1" 200 16486 "https://annhushop.com/" "Mozilla/5.0 (Windows NT 10.0; Win64; x64) AppleWebKit/537.36 (KHTML, like Gecko) Chrome/96.0.4664.45 Safari/537.36"
123.21.242.255 - - [22/Nov/2021:06:29:58 +0000] "GET /wp-content/uploads/2021/06/Untitled-270x340.png HTTP/1.1" 200 132883 "https://annhushop.com/" "Mozilla/5.0 (Windows NT 10.0; Win64; x64) AppleWebKit/537.36 (KHTML, like Gecko) Chrome/96.0.4664.45 Safari/537.36"
123.21.242.255 - - [22/Nov/2021:06:30:00 +0000] "GET /wp-content/uploads/2021/06/loa-vi-tinh-creative-pebble-plus-den-115421-055421-600x600-1-270x340.jpg HTTP/1.1" 200 10459 "https://annhushop.com/" "Mozilla/5.0 (Windows NT 10.0; Win64; x64) AppleWebKit/537.36 (KHTML, like Gecko) Chrome/96.0.4664.45 Safari/537.36"
123.21.242.255 - - [22/Nov/2021:06:29:58 +0000] "GET /wp-admin/about.php HTTP/1.1" 200 142177 "https://annhushop.com/" "Mozilla/5.0 (Windows NT 10.0; Win64; x64) AppleWebKit/537.36 (KHTML, like Gecko) Chrome/96.0.4664.45 Safari/537.36"
123.21.242.255 - - [22/Nov/2021:06:30:00 +0000] "GET /wp-content/uploads/2021/06/Untitled-1-270x340.png HTTP/1.1" 200 184395 "https://annhushop.com/" "Mozilla/5.0 (Windows NT 10.0; Win64; x64) AppleWebKit/537.36 (KHTML, like Gecko) Chrome/96.0.4664.45 Safari/537.36"
123.21.242.255 - - [22/Nov/2021:06:30:01 +0000] "GET /wp-content/plugins/woocommerce-services/dist/woocommerce-services-banner-1.25.19.js HTTP/1.1" 200 2427 "https://annhushop.com/wp-admin/about.php" "Mozilla/5.0 (Windows NT 10.0; Win64; x64) AppleWebKit/537.36 (KHTML, like Gecko) Chrome/96.0.4664.45 Safari/537.36"
123.21.242.255 - - [22/Nov/2021:06:30:02 +0000] "GET /wp-content/uploads/2021/04/may-xong-tinh-dau-den-ngu-mat-trang-6446-270x340.jpeg HTTP/1.1" 200 19402 "https://annhushop.com/" "Mozilla/5.0 (Windows NT 10.0; Win64; x64) AppleWebKit/537.36 (KHTML, like Gecko) Chrome/96.0.4664.45 Safari/537.36"
123.21.242.255 - - [22/Nov/2021:06:30:02 +0000] "GET /wp-content/uploads/2021/06/mu-bao-hiem-nua-dau-size-m-non-son-ns008m4a-trang-1-1-org-270x340.jpg HTTP/1.1" 200 6672 "https://annhushop.com/" "Mozilla/5.0 (Windows NT 10.0; Win64; x64) AppleWebKit/537.36 (KHTML, like Gecko) Chrome/96.0.4664.45 Safari/537.36"
123.21.242.255 - - [22/Nov/2021:06:30:00 +0000] "GET /wp-admin/load-styles.php?c=0&dir=ltr&load%5Bchunk_0%5D=dashicons,admin-bar,common,forms,admin-menu,dashboard,list-tables,edit,revisions,media,themes,about,nav-menus,wp-pointer,widgets&load%5Bchunk_1%5D=,site-icon,l10n,buttons,wp-auth-check,media-views&ver=5.8.2 HTTP/1.1" 200 428673 "https://annhushop.com/wp-admin/about.php" "Mozilla/5.0 (Windows NT 10.0; Win64; x64) AppleWebKit/537.36 (KHTML, like Gecko) Chrome/96.0.4664.45 Safari/537.36"
123.21.242.255 - - [22/Nov/2021:06:30:03 +0000] "GET /wp-content/uploads/2021/03/a7ea425b89d96c8735c8-270x340.jpg HTTP/1.1" 200 19472 "https://annhushop.com/" "Mozilla/5.0 (Windows NT 10.0; Win64; x64) AppleWebKit/537.36 (KHTML, like Gecko) Chrome/96.0.4664.45 Safari/537.36"
123.21.242.255 - - [22/Nov/2021:06:30:03 +0000] "GET /wp-content/uploads/2021/03/42d0828047bab4e4edab-270x340.jpg HTTP/1.1" 200 28826 "https://annhushop.com/" "Mozilla/5.0 (Windows NT 10.0; Win64; x64) AppleWebKit/537.36 (KHTML, like Gecko) Chrome/96.0.4664.45 Safari/537.36"
123.21.242.255 - - [22/Nov/2021:06:30:01 +0000] "GET /wp-admin/load-scripts.php?c=0&load%5Bchunk_0%5D=jquery-core,jquery-migrate,regenerator-runtime,wp-polyfill,wp-hooks,utils,moxiejs,plupload&ver=5.8.2 HTTP/1.1" 200 234199 "https://annhushop.com/wp-admin/about.php" "Mozilla/5.0 (Windows NT 10.0; Win64; x64) AppleWebKit/537.36 (KHTML, like Gecko) Chrome/96.0.4664.45 Safari/537.36"
123.21.242.255 - - [22/Nov/2021:06:30:03 +0000] "GET /wp-content/uploads/2021/06/masy-tinh-1-270x340.jpg HTTP/1.1" 200 20144 "https://annhushop.com/" "Mozilla/5.0 (Windows NT 10.0; Win64; x64) AppleWebKit/537.36 (KHTML, like Gecko) Chrome/96.0.4664.45 Safari/537.36"
123.21.242.255 - - [22/Nov/2021:06:30:03 +0000] "GET /wp-content/uploads/2021/06/deciding-on-pet-care-pet-insurance-270x340.jpg HTTP/1.1" 200 18259 "https://annhushop.com/" "Mozilla/5.0 (Windows NT 10.0; Win64; x64) AppleWebKit/537.36 (KHTML, like Gecko) Chrome/96.0.4664.45 Safari/537.36"
123.21.242.255 - - [22/Nov/2021:06:30:04 +0000] "GET /wp-includes/js/thickbox/thickbox.css?ver=5.8.2 HTTP/1.1" 200 2659 "https://annhushop.com/wp-admin/about.php" "Mozilla/5.0 (Windows NT 10.0; Win64; x64) AppleWebKit/537.36 (KHTML, like Gecko) Chrome/96.0.4664.45 Safari/537.36"
123.21.242.255 - - [22/Nov/2021:06:30:04 +0000] "GET /wp-admin/images/about-header-about.svg HTTP/1.1" 200 45266 "https://annhushop.com/wp-admin/load-styles.php?c=0&dir=ltr&load%5Bchunk_0%5D=dashicons,admin-bar,common,forms,admin-menu,dashboard,list-tables,edit,revisions,media,themes,about,nav-menus,wp-pointer,widgets&load%5Bchunk_1%5D=,site-icon,l10n,buttons,wp-auth-check,media-views&ver=5.8.2" "Mozilla/5.0 (Windows NT 10.0; Win64; x64) AppleWebKit/537.36 (KHTML, like Gecko) Chrome/96.0.4664.45 Safari/537.36"
123.21.242.255 - - [22/Nov/2021:06:30:04 +0000] "GET /wp-admin/load-scripts.php?c=0&load%5Bchunk_0%5D=hoverIntent&ver=5.8.2 HTTP/1.1" 200 1481 "https://annhushop.com/wp-admin/about.php" "Mozilla/5.0 (Windows NT 10.0; Win64; x64) AppleWebKit/537.36 (KHTML, like Gecko) Chrome/96.0.4664.45 Safari/537.36"
123.21.242.255 - - [22/Nov/2021:06:30:05 +0000] "GET /wp-content/plugins/creative-mail-by-constant-contact/assets/js/block/submit.js?ver=1635823175 HTTP/1.1" 200 4184 "https://annhushop.com/wp-admin/about.php" "Mozilla/5.0 (Windows NT 10.0; Win64; x64) AppleWebKit/537.36 (KHTML, like Gecko) Chrome/96.0.4664.45 Safari/537.36"
123.21.242.255 - - [22/Nov/2021:06:30:05 +0000] "GET /wp-includes/js/hoverintent-js.min.js?ver=2.2.1 HTTP/1.1" 200 1718 "https://annhushop.com/wp-admin/about.php" "Mozilla/5.0 (Windows NT 10.0; Win64; x64) AppleWebKit/537.36 (KHTML, like Gecko) Chrome/96.0.4664.45 Safari/537.36"
123.21.242.255 - - [22/Nov/2021:06:30:05 +0000] "GET /wp-includes/js/admin-bar.min.js?ver=5.8.2 HTTP/1.1" 200 3556 "https://annhushop.com/wp-admin/about.php" "Mozilla/5.0 (Windows NT 10.0; Win64; x64) AppleWebKit/537.36 (KHTML, like Gecko) Chrome/96.0.4664.45 Safari/537.36"
123.21.242.255 - - [22/Nov/2021:06:30:05 +0000] "GET /wp-admin/js/svg-painter.js?ver=5.8.2 HTTP/1.1" 200 5522 "https://annhushop.com/wp-admin/about.php" "Mozilla/5.0 (Windows NT 10.0; Win64; x64) AppleWebKit/537.36 (KHTML, like Gecko) Chrome/96.0.4664.45 Safari/537.36"
123.21.242.255 - - [22/Nov/2021:06:30:06 +0000] "GET /wp-includes/js/heartbeat.min.js?ver=5.8.2 HTTP/1.1" 200 5877 "https://annhushop.com/wp-admin/about.php" "Mozilla/5.0 (Windows NT 10.0; Win64; x64) AppleWebKit/537.36 (KHTML, like Gecko) Chrome/96.0.4664.45 Safari/537.36"
123.21.242.255 - - [22/Nov/2021:06:30:07 +0000] "GET /wp-includes/js/underscore.min.js?ver=1.13.1 HTTP/1.1" 200 19076 "https://annhushop.com/wp-admin/about.php" "Mozilla/5.0 (Windows NT 10.0; Win64; x64) AppleWebKit/537.36 (KHTML, like Gecko) Chrome/96.0.4664.45 Safari/537.36"
123.21.242.255 - - [22/Nov/2021:06:30:07 +0000] "GET /wp-includes/js/dist/dom-ready.min.js?ver=71883072590656bf22c74c7b887df3dd HTTP/1.1" 200 1257 "https://annhushop.com/wp-admin/about.php" "Mozilla/5.0 (Windows NT 10.0; Win64; x64) AppleWebKit/537.36 (KHTML, like Gecko) Chrome/96.0.4664.45 Safari/537.36"
123.21.242.255 - - [22/Nov/2021:06:30:07 +0000] "GET /wp-includes/js/wp-auth-check.min.js?ver=5.8.2 HTTP/1.1" 200 1658 "https://annhushop.com/wp-admin/about.php" "Mozilla/5.0 (Windows NT 10.0; Win64; x64) AppleWebKit/537.36 (KHTML, like Gecko) Chrome/96.0.4664.45 Safari/537.36"
123.21.242.255 - - [22/Nov/2021:06:30:07 +0000] "GET /wp-content/uploads/2021/05/59a164b6fdf1969136ca25aa54562453-270x340.jpg HTTP/1.1" 200 14976 "https://annhushop.com/" "Mozilla/5.0 (Windows NT 10.0; Win64; x64) AppleWebKit/537.36 (KHTML, like Gecko) Chrome/96.0.4664.45 Safari/537.36"
123.21.242.255 - - [22/Nov/2021:06:30:08 +0000] "GET /wp-content/uploads/2021/06/do-choi-nha-bup-be-cho-be-gai4_800x-270x340.png HTTP/1.1" 200 178703 "https://annhushop.com/" "Mozilla/5.0 (Windows NT 10.0; Win64; x64) AppleWebKit/537.36 (KHTML, like Gecko) Chrome/96.0.4664.45 Safari/537.36"
123.21.242.255 - - [22/Nov/2021:06:30:08 +0000] "GET /wp-content/uploads/2021/03/xem-cac-kieu-hinh-anh-dong-ho-deo-tay-nu-270x340.jpg HTTP/1.1" 200 30379 "https://annhushop.com/" "Mozilla/5.0 (Windows NT 10.0; Win64; x64) AppleWebKit/537.36 (KHTML, like Gecko) Chrome/96.0.4664.45 Safari/537.36"
123.21.242.255 - - [22/Nov/2021:06:30:08 +0000] "GET /wp-content/themes/mts_ecommerce/js/customscript.js HTTP/1.1" 200 11325 "https://annhushop.com/" "Mozilla/5.0 (Windows NT 10.0; Win64; x64) AppleWebKit/537.36 (KHTML, like Gecko) Chrome/96.0.4664.45 Safari/537.36"
123.21.242.255 - - [22/Nov/2021:06:30:08 +0000] "GET /wp-content/uploads/2021/06/hoa-chat-su-dung-trong-van-phong-la-gi-co-doc-hai-khong-270x340.png HTTP/1.1" 200 128346 "https://annhushop.com/" "Mozilla/5.0 (Windows NT 10.0; Win64; x64) AppleWebKit/537.36 (KHTML, like Gecko) Chrome/96.0.4664.45 Safari/537.36"
123.21.242.255 - - [22/Nov/2021:06:30:09 +0000] "GET /wp-content/themes/mts_ecommerce/js/owl.carousel.min.js HTTP/1.1" 200 59299 "https://annhushop.com/" "Mozilla/5.0 (Windows NT 10.0; Win64; x64) AppleWebKit/537.36 (KHTML, like Gecko) Chrome/96.0.4664.45 Safari/537.36"
123.21.242.255 - - [22/Nov/2021:06:30:08 +0000] "GET /wp-json/jetpack/v4/jitm?message_path=wp%3Aabout%3Aadmin_notices&query=&full_jp_logo_exists=false&_wpnonce=34d2bca81a HTTP/1.1" 200 2 "https://annhushop.com/wp-admin/about.php" "Mozilla/5.0 (Windows NT 10.0; Win64; x64) AppleWebKit/537.36 (KHTML, like Gecko) Chrome/96.0.4664.45 Safari/537.36"
123.21.242.255 - - [22/Nov/2021:06:30:10 +0000] "GET /wp-content/themes/mts_ecommerce/js/jquery.magnific-popup.min.js HTTP/1.1" 200 21886 "https://annhushop.com/" "Mozilla/5.0 (Windows NT 10.0; Win64; x64) AppleWebKit/537.36 (KHTML, like Gecko) Chrome/96.0.4664.45 Safari/537.36"
123.21.242.255 - - [22/Nov/2021:06:30:10 +0000] "GET /wp-content/plugins/ninjafirewall/images/nf_icon.png HTTP/1.1" 200 505 "https://annhushop.com/wp-admin/about.php" "Mozilla/5.0 (Windows NT 10.0; Win64; x64) AppleWebKit/537.36 (KHTML, like Gecko) Chrome/96.0.4664.45 Safari/537.36"
123.21.242.255 - - [22/Nov/2021:06:30:10 +0000] "GET /wp-content/themes/mts_ecommerce/js/ajax.js HTTP/1.1" 200 29803 "https://annhushop.com/" "Mozilla/5.0 (Windows NT 10.0; Win64; x64) AppleWebKit/537.36 (KHTML, like Gecko) Chrome/96.0.4664.45 Safari/537.36"
123.21.242.255 - - [22/Nov/2021:06:30:11 +0000] "GET /wp-content/plugins/jetpack/_inc/fonts/jetpack/jetpack.woff HTTP/1.1" 200 1056 "https://annhushop.com/wp-content/plugins/jetpack/css/jetpack-icons.min.css?ver=10.2.1" "Mozilla/5.0 (Windows NT 10.0; Win64; x64) AppleWebKit/537.36 (KHTML, like Gecko) Chrome/96.0.4664.45 Safari/537.36"
123.21.242.255 - - [22/Nov/2021:06:30:12 +0000] "GET /wp-content/plugins/woocommerce/assets/css/woocommerce-smallscreen.css HTTP/1.1" 200 7043 "https://annhushop.com/" "Mozilla/5.0 (Windows NT 10.0; Win64; x64) AppleWebKit/537.36 (KHTML, like Gecko) Chrome/96.0.4664.45 Safari/537.36"
185.215.199.29 - - [22/Nov/2021:06:31:11 +0000] "POST /wp-cron.php?doing_wp_cron=1637562671.8780949115753173828125 HTTP/1.1" 200 - "https://annhushop.com/wp-cron.php?doing_wp_cron=1637562671.8780949115753173828125" "WordPress/5.8.2; https://Annhushop.com"
123.21.242.255 - - [22/Nov/2021:06:31:10 +0000] "POST /wp-admin/admin-ajax.php HTTP/1.1" 200 47 "https://annhushop.com/wp-admin/about.php" "Mozilla/5.0 (Windows NT 10.0; Win64; x64) AppleWebKit/537.36 (KHTML, like Gecko) Chrome/96.0.4664.45 Safari/537.36"
185.215.199.29 - - [22/Nov/2021:06:32:01 +0000] "POST /wp-cron.php?doing_wp_cron=1637562721.1714739799499511718750 HTTP/1.1" 200 - "https://annhushop.com/wp-cron.php?doing_wp_cron=1637562721.1714739799499511718750" "WordPress/5.8.2; https://Annhushop.com"
54.36.149.29 - - [22/Nov/2021:06:31:59 +0000] "GET /s%E1%BA%A3n%20ph%E1%BA%A9m/combo-2-tham-lot-lot-tay-yoga-chu-nhat-vuong-17cm-x-17cm-x-7mm/ HTTP/1.1" 200 83379 "-" "Mozilla/5.0 (compatible; AhrefsBot/7.0; +http://ahrefs.com/robot/)"
123.21.242.255 - - [22/Nov/2021:06:32:09 +0000] "POST /wp-admin/admin-ajax.php HTTP/1.1" 200 47 "https://annhushop.com/wp-admin/about.php" "Mozilla/5.0 (Windows NT 10.0; Win64; x64) AppleWebKit/537.36 (KHTML, like Gecko) Chrome/96.0.4664.45 Safari/537.36"
185.215.199.29 - - [22/Nov/2021:06:33:41 +0000] "POST /wp-cron.php?doing_wp_cron=1637562821.4808430671691894531250 HTTP/1.1" 200 - "https://annhushop.com/wp-cron.php?doing_wp_cron=1637562821.4808430671691894531250" "WordPress/5.8.2; https://Annhushop.com"
54.36.148.164 - - [22/Nov/2021:06:33:40 +0000] "GET /s%E1%BA%A3n%20ph%E1%BA%A9m/bo-den-gan-van-xe-dap-nhap-nhay/?add-to-cart=1432 HTTP/1.1" 200 88332 "-" "Mozilla/5.0 (compatible; AhrefsBot/7.0; +http://ahrefs.com/robot/)"
185.215.199.29 - - [22/Nov/2021:06:34:13 +0000] "POST /wp-cron.php?doing_wp_cron=1637562853.3044199943542480468750 HTTP/1.1" 200 - "https://annhushop.com/wp-cron.php?doing_wp_cron=1637562853.3044199943542480468750" "WordPress/5.8.2; https://Annhushop.com"
123.21.242.255 - - [22/Nov/2021:06:34:12 +0000] "POST /wp-admin/admin-ajax.php HTTP/1.1" 200 47 "https://annhushop.com/wp-admin/about.php" "Mozilla/5.0 (Windows NT 10.0; Win64; x64) AppleWebKit/537.36 (KHTML, like Gecko) Chrome/96.0.4664.45 Safari/537.36"
185.215.199.29 - - [22/Nov/2021:06:35:13 +0000] "POST /wp-cron.php?doing_wp_cron=1637562913.0892829895019531250000 HTTP/1.1" 200 - "https://annhushop.com/wp-cron.php?doing_wp_cron=1637562913.0892829895019531250000" "WordPress/5.8.2; https://Annhushop.com"
123.21.242.255 - - [22/Nov/2021:06:35:11 +0000] "POST /wp-admin/admin-ajax.php HTTP/1.1" 200 47 "https://annhushop.com/wp-admin/about.php" "Mozilla/5.0 (Windows NT 10.0; Win64; x64) AppleWebKit/537.36 (KHTML, like Gecko) Chrome/96.0.4664.45 Safari/537.36"
185.215.199.29 - - [22/Nov/2021:06:37:05 +0000] "POST /wp-cron.php?doing_wp_cron=1637563025.4353930950164794921875 HTTP/1.1" 200 - "https://annhushop.com/wp-cron.php?doing_wp_cron=1637563025.4353930950164794921875" "WordPress/5.8.2; https://Annhushop.com"
123.21.242.255 - - [22/Nov/2021:06:37:04 +0000] "POST /wp-admin/admin-ajax.php HTTP/1.1" 200 47 "https://annhushop.com/wp-admin/about.php" "Mozilla/5.0 (Windows NT 10.0; Win64; x64) AppleWebKit/537.36 (KHTML, like Gecko) Chrome/96.0.4664.45 Safari/537.36"
185.215.199.29 - - [22/Nov/2021:06:38:05 +0000] "POST /wp-cron.php?doing_wp_cron=1637563085.0339009761810302734375 HTTP/1.1" 200 - "https://annhushop.com/wp-cron.php?doing_wp_cron=1637563085.0339009761810302734375" "WordPress/5.8.2; https://Annhushop.com"
123.21.242.255 - - [22/Nov/2021:06:38:03 +0000] "POST /wp-admin/admin-ajax.php HTTP/1.1" 200 47 "https://annhushop.com/wp-admin/about.php" "Mozilla/5.0 (Windows NT 10.0; Win64; x64) AppleWebKit/537.36 (KHTML, like Gecko) Chrome/96.0.4664.45 Safari/537.36"
185.215.199.29 - - [22/Nov/2021:06:40:07 +0000] "POST /wp-cron.php?doing_wp_cron=1637563207.7364630699157714843750 HTTP/1.1" 200 - "https://annhushop.com/wp-cron.php?doing_wp_cron=1637563207.7364630699157714843750" "WordPress/5.8.2; https://Annhushop.com"
123.21.242.255 - - [22/Nov/2021:06:40:06 +0000] "POST /wp-admin/admin-ajax.php HTTP/1.1" 200 47 "https://annhushop.com/wp-admin/about.php" "Mozilla/5.0 (Windows NT 10.0; Win64; x64) AppleWebKit/537.36 (KHTML, like Gecko) Chrome/96.0.4664.45 Safari/537.36"
54.36.149.58 - - [22/Nov/2021:06:40:21 +0000] "GET /s%E1%BA%A3n%20ph%E1%BA%A9m/tai-nghe-borofone-bm30-chinh-hang/ HTTP/1.1" 200 89149 "-" "Mozilla/5.0 (compatible; AhrefsBot/7.0; +http://ahrefs.com/robot/)"
185.215.199.29 - - [22/Nov/2021:06:40:58 +0000] "POST /wp-cron.php?doing_wp_cron=1637563258.2358980178833007812500 HTTP/1.1" 200 - "https://annhushop.com/wp-cron.php?doing_wp_cron=1637563258.2358980178833007812500" "WordPress/5.8.2; https://Annhushop.com"
64.46.103.18 - - [22/Nov/2021:06:40:57 +0000] "HEAD / HTTP/1.1" 200 - "-" "-"
64.46.103.18 - - [22/Nov/2021:06:41:09 +0000] "HEAD / HTTP/1.1" 200 - "-" "-"
64.46.103.18 - - [22/Nov/2021:06:41:15 +0000] "HEAD / HTTP/1.1" 200 - "-" "-"
185.215.199.29 - - [22/Nov/2021:06:42:08 +0000] "POST /wp-cron.php?doing_wp_cron=1637563328.4471559524536132812500 HTTP/1.1" 200 - "https://annhushop.com/wp-cron.php?doing_wp_cron=1637563328.4471559524536132812500" "WordPress/5.8.2; https://Annhushop.com"
123.21.242.255 - - [22/Nov/2021:06:42:07 +0000] "POST /wp-admin/admin-ajax.php HTTP/1.1" 200 47 "https://annhushop.com/wp-admin/about.php" "Mozilla/5.0 (Windows NT 10.0; Win64; x64) AppleWebKit/537.36 (KHTML, like Gecko) Chrome/96.0.4664.45 Safari/537.36"
185.215.199.29 - - [22/Nov/2021:06:44:09 +0000] "POST /wp-cron.php?doing_wp_cron=1637563449.2456500530242919921875 HTTP/1.1" 200 - "https://annhushop.com/wp-cron.php?doing_wp_cron=1637563449.2456500530242919921875" "WordPress/5.8.2; https://Annhushop.com"
123.21.242.255 - - [22/Nov/2021:06:44:07 +0000] "POST /wp-admin/admin-ajax.php HTTP/1.1" 200 47 "https://annhushop.com/wp-admin/about.php" "Mozilla/5.0 (Windows NT 10.0; Win64; x64) AppleWebKit/537.36 (KHTML, like Gecko) Chrome/96.0.4664.45 Safari/537.36"
54.36.148.64 - - [22/Nov/2021:06:44:13 +0000] "GET /s%E1%BA%A3n%20ph%E1%BA%A9m/tai-nghe-day-realme-ma-11/ HTTP/1.1" 200 83970 "-" "Mozilla/5.0 (compatible; AhrefsBot/7.0; +http://ahrefs.com/robot/)"
185.215.199.29 - - [22/Nov/2021:06:46:10 +0000] "POST /wp-cron.php?doing_wp_cron=1637563570.8288750648498535156250 HTTP/1.1" 200 - "https://annhushop.com/wp-cron.php?doing_wp_cron=1637563570.8288750648498535156250" "WordPress/5.8.2; https://Annhushop.com"
123.21.242.255 - - [22/Nov/2021:06:46:09 +0000] "POST /wp-admin/admin-ajax.php HTTP/1.1" 200 47 "https://annhushop.com/wp-admin/about.php" "Mozilla/5.0 (Windows NT 10.0; Win64; x64) AppleWebKit/537.36 (KHTML, like Gecko) Chrome/96.0.4664.45 Safari/537.36"
