54.36.148.144 - - [22/Nov/2021:02:41:19 +0000] "GET /s%E1%BA%A3n%20ph%E1%BA%A9m/tai-nghe-borofone-bm23-da-nang-chinh-hang/?add-to-cart=319 HTTP/1.1" 200 91463 "-" "Mozilla/5.0 (compatible; AhrefsBot/7.0; +http://ahrefs.com/robot/)"
185.215.199.29 - - [22/Nov/2021:02:49:42 +0000] "POST /wp-cron.php?doing_wp_cron=1637549382.7631928920745849609375 HTTP/1.1" 200 - "https://annhushop.com/wp-cron.php?doing_wp_cron=1637549382.7631928920745849609375" "WordPress/5.8.2; https://Annhushop.com"
54.36.149.33 - - [22/Nov/2021:02:49:41 +0000] "GET /s%E1%BA%A3n%20ph%E1%BA%A9m/o-cam-dien-3-tang/?add-to-cart=53 HTTP/1.1" 200 89740 "-" "Mozilla/5.0 (compatible; AhrefsBot/7.0; +http://ahrefs.com/robot/)"
185.215.199.29 - - [22/Nov/2021:02:55:30 +0000] "POST /wp-cron.php?doing_wp_cron=1637549730.6970810890197753906250 HTTP/1.1" 200 - "https://annhushop.com/wp-cron.php?doing_wp_cron=1637549730.6970810890197753906250" "WordPress/5.8.2; https://Annhushop.com"
54.36.148.247 - - [22/Nov/2021:02:55:29 +0000] "GET /s%E1%BA%A3n%20ph%E1%BA%A9m/tai-nghe-jiavu-q29/?add-to-cart=303 HTTP/1.1" 200 85685 "-" "Mozilla/5.0 (compatible; AhrefsBot/7.0; +http://ahrefs.com/robot/)"
185.215.199.29 - - [22/Nov/2021:03:04:18 +0000] "POST /wp-cron.php?doing_wp_cron=1637550258.8020238876342773437500 HTTP/1.1" 200 - "https://annhushop.com/wp-cron.php?doing_wp_cron=1637550258.8020238876342773437500" "WordPress/5.8.2; https://Annhushop.com"
54.36.148.45 - - [22/Nov/2021:03:04:17 +0000] "GET /s%E1%BA%A3n%20ph%E1%BA%A9m/chuot-ko-day-hp-s9000/?add-to-cart=508 HTTP/1.1" 200 86366 "-" "Mozilla/5.0 (compatible; AhrefsBot/7.0; +http://ahrefs.com/robot/)"
185.215.199.29 - - [22/Nov/2021:03:08:22 +0000] "POST /wp-cron.php?doing_wp_cron=1637550502.1193199157714843750000 HTTP/1.1" 200 - "https://annhushop.com/wp-cron.php?doing_wp_cron=1637550502.1193199157714843750000" "WordPress/5.8.2; https://Annhushop.com"
54.36.149.62 - - [22/Nov/2021:03:08:20 +0000] "GET /s%E1%BA%A3n%20ph%E1%BA%A9m/tai-nghe-gh-a7-a8-2in1/?add-to-cart=258 HTTP/1.1" 200 84223 "-" "Mozilla/5.0 (compatible; AhrefsBot/7.0; +http://ahrefs.com/robot/)"
185.215.199.29 - - [22/Nov/2021:03:28:33 +0000] "POST /wp-cron.php?doing_wp_cron=1637551713.0462338924407958984375 HTTP/1.1" 200 - "https://annhushop.com/wp-cron.php?doing_wp_cron=1637551713.0462338924407958984375" "WordPress/5.8.2; https://Annhushop.com"
54.36.149.41 - - [22/Nov/2021:03:28:31 +0000] "GET /s%E1%BA%A3n%20ph%E1%BA%A9m/chuot-ko-day-hp-s9000/?add-to-cart=514 HTTP/1.1" 200 86259 "-" "Mozilla/5.0 (compatible; AhrefsBot/7.0; +http://ahrefs.com/robot/)"
54.36.149.28 - - [22/Nov/2021:03:32:56 +0000] "GET /s%E1%BA%A3n%20ph%E1%BA%A9m/tai-nghe-jiavu-q29/?add-to-cart=276 HTTP/1.1" 200 85918 "-" "Mozilla/5.0 (compatible; AhrefsBot/7.0; +http://ahrefs.com/robot/)"
185.215.199.29 - - [22/Nov/2021:03:32:57 +0000] "POST /wp-cron.php?doing_wp_cron=1637551977.4202299118041992187500 HTTP/1.1" 200 - "https://annhushop.com/wp-cron.php?doing_wp_cron=1637551977.4202299118041992187500" "WordPress/5.8.2; https://Annhushop.com"
185.215.199.29 - - [22/Nov/2021:03:37:18 +0000] "POST /wp-cron.php?doing_wp_cron=1637552237.9741120338439941406250 HTTP/1.1" 200 - "https://annhushop.com/wp-cron.php?doing_wp_cron=1637552237.9741120338439941406250" "WordPress/5.8.2; https://Annhushop.com"
54.36.148.97 - - [22/Nov/2021:03:37:16 +0000] "GET /s%E1%BA%A3n%20ph%E1%BA%A9m/tai-nghe-jiavu-q29/?add-to-cart=267 HTTP/1.1" 200 85902 "-" "Mozilla/5.0 (compatible; AhrefsBot/7.0; +http://ahrefs.com/robot/)"
185.215.199.29 - - [22/Nov/2021:03:41:13 +0000] "POST /wp-cron.php?doing_wp_cron=1637552473.2904319763183593750000 HTTP/1.1" 200 - "https://annhushop.com/wp-cron.php?doing_wp_cron=1637552473.2904319763183593750000" "WordPress/5.8.2; https://Annhushop.com"
54.36.149.49 - - [22/Nov/2021:03:41:11 +0000] "GET /s%E1%BA%A3n%20ph%E1%BA%A9m/tai-nghe-borofone-bm23-da-nang-chinh-hang/?add-to-cart=296 HTTP/1.1" 200 91602 "-" "Mozilla/5.0 (compatible; AhrefsBot/7.0; +http://ahrefs.com/robot/)"
185.215.199.29 - - [22/Nov/2021:03:45:12 +0000] "POST /wp-cron.php?doing_wp_cron=1637552711.9783060550689697265625 HTTP/1.1" 200 - "https://annhushop.com/wp-cron.php?doing_wp_cron=1637552711.9783060550689697265625" "WordPress/5.8.2; https://Annhushop.com"
54.36.149.41 - - [22/Nov/2021:03:45:10 +0000] "GET /s%E1%BA%A3n%20ph%E1%BA%A9m/tai-nghe-gh-a7-a8-2in1/?add-to-cart=284 HTTP/1.1" 200 84526 "-" "Mozilla/5.0 (compatible; AhrefsBot/7.0; +http://ahrefs.com/robot/)"
185.215.199.29 - - [22/Nov/2021:03:49:12 +0000] "POST /wp-cron.php?doing_wp_cron=1637552952.8015921115875244140625 HTTP/1.1" 200 - "https://annhushop.com/wp-cron.php?doing_wp_cron=1637552952.8015921115875244140625" "WordPress/5.8.2; https://Annhushop.com"
54.36.148.181 - - [22/Nov/2021:03:49:11 +0000] "GET /s%E1%BA%A3n%20ph%E1%BA%A9m/tai-nghe-borofone-bm23-da-nang-chinh-hang/?add-to-cart=255 HTTP/1.1" 200 91511 "-" "Mozilla/5.0 (compatible; AhrefsBot/7.0; +http://ahrefs.com/robot/)"
185.215.199.29 - - [22/Nov/2021:03:51:39 +0000] "POST /wp-cron.php?doing_wp_cron=1637553099.9001750946044921875000 HTTP/1.1" 200 - "https://annhushop.com/wp-cron.php?doing_wp_cron=1637553099.9001750946044921875000" "WordPress/5.8.2; https://Annhushop.com"
54.36.148.128 - - [22/Nov/2021:03:51:38 +0000] "GET /s%E1%BA%A3n%20ph%E1%BA%A9m/tai-nghe-enjoy-j2020/?add-to-cart=262 HTTP/1.1" 200 84282 "-" "Mozilla/5.0 (compatible; AhrefsBot/7.0; +http://ahrefs.com/robot/)"
185.215.199.29 - - [22/Nov/2021:03:58:44 +0000] "POST /wp-cron.php?doing_wp_cron=1637553524.5179910659790039062500 HTTP/1.1" 200 - "https://annhushop.com/wp-cron.php?doing_wp_cron=1637553524.5179910659790039062500" "WordPress/5.8.2; https://Annhushop.com"
54.36.149.76 - - [22/Nov/2021:03:58:43 +0000] "GET /s%E1%BA%A3n%20ph%E1%BA%A9m/tai-nghe-gh-a7-a8-2in1/?add-to-cart=311 HTTP/1.1" 200 84348 "-" "Mozilla/5.0 (compatible; AhrefsBot/7.0; +http://ahrefs.com/robot/)"
185.215.199.29 - - [22/Nov/2021:04:12:38 +0000] "POST /wp-cron.php?doing_wp_cron=1637554358.3333439826965332031250 HTTP/1.1" 200 - "https://annhushop.com/wp-cron.php?doing_wp_cron=1637554358.3333439826965332031250" "WordPress/5.8.2; https://Annhushop.com"
54.36.148.47 - - [22/Nov/2021:04:12:37 +0000] "GET /s%E1%BA%A3n%20ph%E1%BA%A9m/nuoc-giat-fresh-life-1000ml/?add-to-cart=878 HTTP/1.1" 200 86603 "-" "Mozilla/5.0 (compatible; AhrefsBot/7.0; +http://ahrefs.com/robot/)"
185.215.199.29 - - [22/Nov/2021:04:13:52 +0000] "POST /wp-cron.php?doing_wp_cron=1637554432.2455749511718750000000 HTTP/1.1" 200 - "https://annhushop.com/wp-cron.php?doing_wp_cron=1637554432.2455749511718750000000" "WordPress/5.8.2; https://Annhushop.com"
54.36.148.32 - - [22/Nov/2021:04:13:51 +0000] "GET /s%E1%BA%A3n%20ph%E1%BA%A9m/chuot-ko-day-netbox-ht79/ HTTP/1.1" 200 82689 "-" "Mozilla/5.0 (compatible; AhrefsBot/7.0; +http://ahrefs.com/robot/)"
185.215.199.29 - - [22/Nov/2021:04:20:33 +0000] "POST /wp-cron.php?doing_wp_cron=1637554833.2445809841156005859375 HTTP/1.1" 200 - "https://annhushop.com/wp-cron.php?doing_wp_cron=1637554833.2445809841156005859375" "WordPress/5.8.2; https://Annhushop.com"
54.36.149.95 - - [22/Nov/2021:04:20:31 +0000] "GET /s%E1%BA%A3n%20ph%E1%BA%A9m/loa-vi-tinh-lenovo-l1520/?add-to-cart=753 HTTP/1.1" 200 86287 "-" "Mozilla/5.0 (compatible; AhrefsBot/7.0; +http://ahrefs.com/robot/)"
185.215.199.29 - - [22/Nov/2021:04:20:53 +0000] "POST /wp-cron.php?doing_wp_cron=1637554853.7559030055999755859375 HTTP/1.1" 200 - "https://annhushop.com/wp-cron.php?doing_wp_cron=1637554853.7559030055999755859375" "WordPress/5.8.2; https://Annhushop.com"
35.85.59.172 - - [22/Nov/2021:04:20:52 +0000] "GET / HTTP/1.1" 200 87510 "-" "Mozilla/5.0 (X11; Linux x86_64) AppleWebKit/537.36 (KHTML, like Gecko) Chrome/83.0.4103.97 Safari/537.36"
35.167.40.25 - - [22/Nov/2021:04:21:37 +0000] "GET /favicon.ico HTTP/1.1" 302 - "-" "Mozilla/5.0 (X11; Linux x86_64) AppleWebKit/537.36 (KHTML, like Gecko) Chrome/83.0.4103.97 Safari/537.36"
35.167.40.25 - - [22/Nov/2021:04:21:43 +0000] "GET / HTTP/1.1" 200 87510 "-" "Mozilla/5.0 (X11; Linux x86_64) AppleWebKit/537.36 (KHTML, like Gecko) Chrome/83.0.4103.97 Safari/537.36"
185.215.199.29 - - [22/Nov/2021:04:21:59 +0000] "POST /wp-cron.php?doing_wp_cron=1637554919.7946519851684570312500 HTTP/1.1" 200 - "https://annhushop.com/wp-cron.php?doing_wp_cron=1637554919.7946519851684570312500" "WordPress/5.8.2; https://Annhushop.com"
54.36.149.79 - - [22/Nov/2021:04:21:59 +0000] "GET /s%E1%BA%A3n%20ph%E1%BA%A9m/tai-nghe-samsung-hop-trai-tim/ HTTP/1.1" 200 84978 "-" "Mozilla/5.0 (compatible; AhrefsBot/7.0; +http://ahrefs.com/robot/)"
185.215.199.29 - - [22/Nov/2021:04:22:58 +0000] "POST /wp-cron.php?doing_wp_cron=1637554978.6032230854034423828125 HTTP/1.1" 200 - "https://annhushop.com/wp-cron.php?doing_wp_cron=1637554978.6032230854034423828125" "WordPress/5.8.2; https://Annhushop.com"
54.36.149.46 - - [22/Nov/2021:04:22:57 +0000] "GET /s%E1%BA%A3n%20ph%E1%BA%A9m/ke-sach-go-dang-xuong-ca/?add-to-cart=237 HTTP/1.1" 200 88264 "-" "Mozilla/5.0 (compatible; AhrefsBot/7.0; +http://ahrefs.com/robot/)"
54.36.149.90 - - [22/Nov/2021:04:23:22 +0000] "GET /s%E1%BA%A3n%20ph%E1%BA%A9m/o-cam-dien-xoay-tron-3-lo-cam/?add-to-cart=62 HTTP/1.1" 200 95877 "-" "Mozilla/5.0 (compatible; AhrefsBot/7.0; +http://ahrefs.com/robot/)"
185.215.199.29 - - [22/Nov/2021:04:27:52 +0000] "POST /wp-cron.php?doing_wp_cron=1637555272.6523621082305908203125 HTTP/1.1" 200 - "https://annhushop.com/wp-cron.php?doing_wp_cron=1637555272.6523621082305908203125" "WordPress/5.8.2; https://Annhushop.com"
54.36.148.168 - - [22/Nov/2021:04:27:51 +0000] "GET /s%E1%BA%A3n%20ph%E1%BA%A9m/loa-vi-tinh-2-0-forev-fv-205/?add-to-cart=759 HTTP/1.1" 200 87131 "-" "Mozilla/5.0 (compatible; AhrefsBot/7.0; +http://ahrefs.com/robot/)"
185.215.199.29 - - [22/Nov/2021:04:30:19 +0000] "POST /wp-cron.php?doing_wp_cron=1637555419.8304600715637207031250 HTTP/1.1" 200 - "https://annhushop.com/wp-cron.php?doing_wp_cron=1637555419.8304600715637207031250" "WordPress/5.8.2; https://Annhushop.com"
54.36.148.72 - - [22/Nov/2021:04:30:18 +0000] "GET /s%E1%BA%A3n%20ph%E1%BA%A9m/chuot-ko-day-v181/ HTTP/1.1" 200 84286 "-" "Mozilla/5.0 (compatible; AhrefsBot/7.0; +http://ahrefs.com/robot/)"
185.215.199.29 - - [22/Nov/2021:04:34:15 +0000] "POST /wp-cron.php?doing_wp_cron=1637555655.4750640392303466796875 HTTP/1.1" 200 - "https://annhushop.com/wp-cron.php?doing_wp_cron=1637555655.4750640392303466796875" "WordPress/5.8.2; https://Annhushop.com"
54.36.149.79 - - [22/Nov/2021:04:34:14 +0000] "GET /s%E1%BA%A3n%20ph%E1%BA%A9m/dung-cu-hut-xang-re/?add-to-cart=1414 HTTP/1.1" 200 90334 "-" "Mozilla/5.0 (compatible; AhrefsBot/7.0; +http://ahrefs.com/robot/)"
54.36.148.166 - - [22/Nov/2021:04:34:22 +0000] "GET /s%E1%BA%A3n%20ph%E1%BA%A9m/tai-nghe-jiayu-jy-374-376-chinh-hang/ HTTP/1.1" 200 81926 "-" "Mozilla/5.0 (compatible; AhrefsBot/7.0; +http://ahrefs.com/robot/)"
185.215.199.29 - - [22/Nov/2021:04:38:28 +0000] "POST /wp-cron.php?doing_wp_cron=1637555908.5799260139465332031250 HTTP/1.1" 200 - "https://annhushop.com/wp-cron.php?doing_wp_cron=1637555908.5799260139465332031250" "WordPress/5.8.2; https://Annhushop.com"
54.36.148.109 - - [22/Nov/2021:04:38:27 +0000] "GET /s%E1%BA%A3n%20ph%E1%BA%A9m/cap-usb-noi-dai/ HTTP/1.1" 200 92637 "-" "Mozilla/5.0 (compatible; AhrefsBot/7.0; +http://ahrefs.com/robot/)"
185.215.199.29 - - [22/Nov/2021:04:43:05 +0000] "POST /wp-cron.php?doing_wp_cron=1637556185.3535089492797851562500 HTTP/1.1" 200 - "https://annhushop.com/wp-cron.php?doing_wp_cron=1637556185.3535089492797851562500" "WordPress/5.8.2; https://Annhushop.com"
54.36.148.61 - - [22/Nov/2021:04:43:04 +0000] "GET /s%E1%BA%A3n%20ph%E1%BA%A9m/chai-tay-rua-ve-sinh-da-nang-boom-wash/?add-to-cart=837 HTTP/1.1" 200 88590 "-" "Mozilla/5.0 (compatible; AhrefsBot/7.0; +http://ahrefs.com/robot/)"
185.215.199.29 - - [22/Nov/2021:04:47:16 +0000] "POST /wp-cron.php?doing_wp_cron=1637556435.9735579490661621093750 HTTP/1.1" 200 - "https://annhushop.com/wp-cron.php?doing_wp_cron=1637556435.9735579490661621093750" "WordPress/5.8.2; https://Annhushop.com"
54.36.148.196 - - [22/Nov/2021:04:47:14 +0000] "GET /s%E1%BA%A3n%20ph%E1%BA%A9m/tai-nghe-hoco-m100-plus-king-kong-chinh-hang/ HTTP/1.1" 200 85957 "-" "Mozilla/5.0 (compatible; AhrefsBot/7.0; +http://ahrefs.com/robot/)"
185.215.199.29 - - [22/Nov/2021:04:50:16 +0000] "POST /wp-cron.php?doing_wp_cron=1637556616.1758120059967041015625 HTTP/1.1" 200 - "https://annhushop.com/wp-cron.php?doing_wp_cron=1637556616.1758120059967041015625" "WordPress/5.8.2; https://Annhushop.com"
54.36.148.118 - - [22/Nov/2021:04:50:14 +0000] "GET /s%E1%BA%A3n%20ph%E1%BA%A9m/ban-phim-t-wolf-t15-business-wired-keyboard/?add-to-cart=576 HTTP/1.1" 200 86688 "-" "Mozilla/5.0 (compatible; AhrefsBot/7.0; +http://ahrefs.com/robot/)"
185.215.199.29 - - [22/Nov/2021:04:52:51 +0000] "POST /wp-cron.php?doing_wp_cron=1637556771.8223590850830078125000 HTTP/1.1" 200 - "https://annhushop.com/wp-cron.php?doing_wp_cron=1637556771.8223590850830078125000" "WordPress/5.8.2; https://Annhushop.com"
54.36.148.229 - - [22/Nov/2021:04:52:50 +0000] "GET /s%E1%BA%A3n%20ph%E1%BA%A9m/tai-nghe-oppo-818-mh133/ HTTP/1.1" 200 84557 "-" "Mozilla/5.0 (compatible; AhrefsBot/7.0; +http://ahrefs.com/robot/)"
185.215.199.29 - - [22/Nov/2021:04:54:21 +0000] "POST /wp-cron.php?doing_wp_cron=1637556861.8266210556030273437500 HTTP/1.1" 200 - "https://annhushop.com/wp-cron.php?doing_wp_cron=1637556861.8266210556030273437500" "WordPress/5.8.2; https://Annhushop.com"
54.36.148.127 - - [22/Nov/2021:04:54:20 +0000] "GET /s%E1%BA%A3n%20ph%E1%BA%A9m/chuot-ko-day-lapop-rm10/ HTTP/1.1" 200 83845 "-" "Mozilla/5.0 (compatible; AhrefsBot/7.0; +http://ahrefs.com/robot/)"
185.215.199.29 - - [22/Nov/2021:04:55:47 +0000] "POST /wp-cron.php?doing_wp_cron=1637556947.3229689598083496093750 HTTP/1.1" 200 - "https://annhushop.com/wp-cron.php?doing_wp_cron=1637556947.3229689598083496093750" "WordPress/5.8.2; https://Annhushop.com"
54.36.148.207 - - [22/Nov/2021:04:55:45 +0000] "GET /s%E1%BA%A3n%20ph%E1%BA%A9m/ban-phim-t-wolf-t15-business-wired-keyboard/?add-to-cart=587 HTTP/1.1" 200 86694 "-" "Mozilla/5.0 (compatible; AhrefsBot/7.0; +http://ahrefs.com/robot/)"
185.215.199.29 - - [22/Nov/2021:05:02:12 +0000] "POST /wp-cron.php?doing_wp_cron=1637557332.5175929069519042968750 HTTP/1.1" 200 - "https://annhushop.com/wp-cron.php?doing_wp_cron=1637557332.5175929069519042968750" "WordPress/5.8.2; https://Annhushop.com"
54.36.149.34 - - [22/Nov/2021:05:02:11 +0000] "GET /s%E1%BA%A3n%20ph%E1%BA%A9m/tai-nghe-kaku-ksc-381-chinh-hang/?add-to-cart=273 HTTP/1.1" 200 84647 "-" "Mozilla/5.0 (compatible; AhrefsBot/7.0; +http://ahrefs.com/robot/)"
54.36.148.24 - - [22/Nov/2021:05:08:41 +0000] "GET /s%E1%BA%A3n%20ph%E1%BA%A9m/bo-do-choi-nha-bep-36-mon/?add-to-cart=1084 HTTP/1.1" 200 89448 "-" "Mozilla/5.0 (compatible; AhrefsBot/7.0; +http://ahrefs.com/robot/)"
185.215.199.29 - - [22/Nov/2021:05:10:09 +0000] "POST /wp-cron.php?doing_wp_cron=1637557809.1635460853576660156250 HTTP/1.1" 200 - "https://annhushop.com/wp-cron.php?doing_wp_cron=1637557809.1635460853576660156250" "WordPress/5.8.2; https://Annhushop.com"
54.36.148.182 - - [22/Nov/2021:05:10:07 +0000] "GET /s%E1%BA%A3n%20ph%E1%BA%A9m/tai-nghe-borofone-cm3-chinh-hang/?add-to-cart=315 HTTP/1.1" 200 88475 "-" "Mozilla/5.0 (compatible; AhrefsBot/7.0; +http://ahrefs.com/robot/)"
185.215.199.29 - - [22/Nov/2021:05:14:12 +0000] "POST /wp-cron.php?doing_wp_cron=1637558052.4290459156036376953125 HTTP/1.1" 200 - "https://annhushop.com/wp-cron.php?doing_wp_cron=1637558052.4290459156036376953125" "WordPress/5.8.2; https://Annhushop.com"
54.36.148.76 - - [22/Nov/2021:05:14:11 +0000] "GET /s%E1%BA%A3n%20ph%E1%BA%A9m/loa-vi-tinh-kisonli-a-101/?add-to-cart=718 HTTP/1.1" 200 88024 "-" "Mozilla/5.0 (compatible; AhrefsBot/7.0; +http://ahrefs.com/robot/)"
185.215.199.29 - - [22/Nov/2021:05:18:06 +0000] "POST /wp-cron.php?doing_wp_cron=1637558286.8851649761199951171875 HTTP/1.1" 200 - "https://annhushop.com/wp-cron.php?doing_wp_cron=1637558286.8851649761199951171875" "WordPress/5.8.2; https://Annhushop.com"
54.36.148.143 - - [22/Nov/2021:05:18:05 +0000] "GET /s%E1%BA%A3n%20ph%E1%BA%A9m/loa-vi-tinh-kisonli-a-101/?add-to-cart=753 HTTP/1.1" 200 87967 "-" "Mozilla/5.0 (compatible; AhrefsBot/7.0; +http://ahrefs.com/robot/)"
185.215.199.29 - - [22/Nov/2021:05:22:10 +0000] "POST /wp-cron.php?doing_wp_cron=1637558530.3215169906616210937500 HTTP/1.1" 200 - "https://annhushop.com/wp-cron.php?doing_wp_cron=1637558530.3215169906616210937500" "WordPress/5.8.2; https://Annhushop.com"
54.36.148.0 - - [22/Nov/2021:05:22:08 +0000] "GET /s%E1%BA%A3n%20ph%E1%BA%A9m/de-hit-ipad-dt-hoa-mai/?add-to-cart=371 HTTP/1.1" 200 86659 "-" "Mozilla/5.0 (compatible; AhrefsBot/7.0; +http://ahrefs.com/robot/)"
185.215.199.29 - - [22/Nov/2021:05:26:28 +0000] "POST /wp-cron.php?doing_wp_cron=1637558788.6778790950775146484375 HTTP/1.1" 200 - "https://annhushop.com/wp-cron.php?doing_wp_cron=1637558788.6778790950775146484375" "WordPress/5.8.2; https://Annhushop.com"
54.36.148.190 - - [22/Nov/2021:05:26:27 +0000] "GET /s%E1%BA%A3n%20ph%E1%BA%A9m/tai-nghe-kaku-ksc-381-chinh-hang/?add-to-cart=315 HTTP/1.1" 200 84721 "-" "Mozilla/5.0 (compatible; AhrefsBot/7.0; +http://ahrefs.com/robot/)"
185.215.199.29 - - [22/Nov/2021:05:30:17 +0000] "POST /wp-cron.php?doing_wp_cron=1637559017.7032399177551269531250 HTTP/1.1" 200 - "https://annhushop.com/wp-cron.php?doing_wp_cron=1637559017.7032399177551269531250" "WordPress/5.8.2; https://Annhushop.com"
54.36.148.201 - - [22/Nov/2021:05:30:16 +0000] "GET /s%E1%BA%A3n%20ph%E1%BA%A9m/tai-nghe-borofone-cm3-chinh-hang/?add-to-cart=300 HTTP/1.1" 200 88703 "-" "Mozilla/5.0 (compatible; AhrefsBot/7.0; +http://ahrefs.com/robot/)"
185.215.199.29 - - [22/Nov/2021:05:38:04 +0000] "POST /wp-cron.php?doing_wp_cron=1637559483.9871439933776855468750 HTTP/1.1" 200 - "https://annhushop.com/wp-cron.php?doing_wp_cron=1637559483.9871439933776855468750" "WordPress/5.8.2; https://Annhushop.com"
54.36.148.105 - - [22/Nov/2021:05:38:02 +0000] "GET /s%E1%BA%A3n%20ph%E1%BA%A9m/vi-ban-chai-va-luoi-suwadee/?add-to-cart=944 HTTP/1.1" 200 85298 "-" "Mozilla/5.0 (compatible; AhrefsBot/7.0; +http://ahrefs.com/robot/)"
185.215.199.29 - - [22/Nov/2021:05:41:35 +0000] "POST /wp-cron.php?doing_wp_cron=1637559695.2524099349975585937500 HTTP/1.1" 200 - "https://annhushop.com/wp-cron.php?doing_wp_cron=1637559695.2524099349975585937500" "WordPress/5.8.2; https://Annhushop.com"
54.36.148.172 - - [22/Nov/2021:05:41:34 +0000] "GET /s%E1%BA%A3n%20ph%E1%BA%A9m/tai-nghe-samsung-s10-zin-theo-may-quan-khay-nho/?add-to-cart=267 HTTP/1.1" 200 89363 "-" "Mozilla/5.0 (compatible; AhrefsBot/7.0; +http://ahrefs.com/robot/)"
185.215.199.29 - - [22/Nov/2021:05:45:16 +0000] "POST /wp-cron.php?doing_wp_cron=1637559916.3146018981933593750000 HTTP/1.1" 200 - "https://annhushop.com/wp-cron.php?doing_wp_cron=1637559916.3146018981933593750000" "WordPress/5.8.2; https://Annhushop.com"
54.36.148.171 - - [22/Nov/2021:05:45:14 +0000] "GET /s%E1%BA%A3n%20ph%E1%BA%A9m/vi-ban-chai-va-luoi-suwadee/?add-to-cart=950 HTTP/1.1" 200 85649 "-" "Mozilla/5.0 (compatible; AhrefsBot/7.0; +http://ahrefs.com/robot/)"
54.36.148.219 - - [22/Nov/2021:05:48:57 +0000] "GET /s%E1%BA%A3n%20ph%E1%BA%A9m/tai-nghe-kaku-ksc-381-chinh-hang/?add-to-cart=280 HTTP/1.1" 200 84392 "-" "Mozilla/5.0 (compatible; AhrefsBot/7.0; +http://ahrefs.com/robot/)"
185.215.199.29 - - [22/Nov/2021:06:04:36 +0000] "POST /wp-cron.php?doing_wp_cron=1637561075.9827690124511718750000 HTTP/1.1" 200 - "https://annhushop.com/wp-cron.php?doing_wp_cron=1637561075.9827690124511718750000" "WordPress/5.8.2; https://Annhushop.com"
54.36.149.29 - - [22/Nov/2021:06:04:34 +0000] "GET /s%E1%BA%A3n%20ph%E1%BA%A9m/tai-nghe-kaku-ksc-381-chinh-hang/?add-to-cart=286 HTTP/1.1" 200 84580 "-" "Mozilla/5.0 (compatible; AhrefsBot/7.0; +http://ahrefs.com/robot/)"
185.215.199.29 - - [22/Nov/2021:06:06:52 +0000] "POST /wp-cron.php?doing_wp_cron=1637561212.4908189773559570312500 HTTP/1.1" 200 - "https://annhushop.com/wp-cron.php?doing_wp_cron=1637561212.4908189773559570312500" "WordPress/5.8.2; https://Annhushop.com"
54.36.149.8 - - [22/Nov/2021:06:06:51 +0000] "GET /s%E1%BA%A3n%20ph%E1%BA%A9m/den-pin-chieu-anh-24-hinh-cho-be/?add-to-cart=1143 HTTP/1.1" 200 87004 "-" "Mozilla/5.0 (compatible; AhrefsBot/7.0; +http://ahrefs.com/robot/)"
185.215.199.29 - - [22/Nov/2021:06:09:54 +0000] "POST /wp-cron.php?doing_wp_cron=1637561394.5251550674438476562500 HTTP/1.1" 200 - "https://annhushop.com/wp-cron.php?doing_wp_cron=1637561394.5251550674438476562500" "WordPress/5.8.2; https://Annhushop.com"
54.36.148.131 - - [22/Nov/2021:06:09:53 +0000] "GET /s%E1%BA%A3n%20ph%E1%BA%A9m/162/?add-to-cart=188 HTTP/1.1" 200 89662 "-" "Mozilla/5.0 (compatible; AhrefsBot/7.0; +http://ahrefs.com/robot/)"
185.215.199.29 - - [22/Nov/2021:06:13:23 +0000] "POST /wp-cron.php?doing_wp_cron=1637561603.7733509540557861328125 HTTP/1.1" 200 - "https://annhushop.com/wp-cron.php?doing_wp_cron=1637561603.7733509540557861328125" "WordPress/5.8.2; https://Annhushop.com"
54.36.148.77 - - [22/Nov/2021:06:13:22 +0000] "GET /s%E1%BA%A3n%20ph%E1%BA%A9m/gia-do-dien-thoai-thong-minh-popsocket-2020/?add-to-cart=371 HTTP/1.1" 200 89544 "-" "Mozilla/5.0 (compatible; AhrefsBot/7.0; +http://ahrefs.com/robot/)"
185.215.199.29 - - [22/Nov/2021:06:16:19 +0000] "POST /wp-cron.php?doing_wp_cron=1637561779.3825759887695312500000 HTTP/1.1" 200 - "https://annhushop.com/wp-cron.php?doing_wp_cron=1637561779.3825759887695312500000" "WordPress/5.8.2; https://Annhushop.com"
54.36.148.7 - - [22/Nov/2021:06:16:18 +0000] "GET /s%E1%BA%A3n%20ph%E1%BA%A9m/mat-kinh-boi-hinh-thu-ngo-nghinh/ HTTP/1.1" 200 85499 "-" "Mozilla/5.0 (compatible; AhrefsBot/7.0; +http://ahrefs.com/robot/)"
185.215.199.29 - - [22/Nov/2021:06:24:01 +0000] "POST /wp-cron.php?doing_wp_cron=1637562241.1020009517669677734375 HTTP/1.1" 200 - "https://annhushop.com/wp-cron.php?doing_wp_cron=1637562241.1020009517669677734375" "WordPress/5.8.2; https://Annhushop.com"
54.36.149.14 - - [22/Nov/2021:06:23:59 +0000] "GET /s%E1%BA%A3n%20ph%E1%BA%A9m/treo-ban-chai-danh-rang-hinh-gau/ HTTP/1.1" 200 86884 "-" "Mozilla/5.0 (compatible; AhrefsBot/7.0; +http://ahrefs.com/robot/)"
123.21.242.255 - - [22/Nov/2021:06:28:28 +0000] "GET /wp-admin/customize.php HTTP/1.1" 302 - "-" "Mozilla/5.0 (Windows NT 10.0; Win64; x64) AppleWebKit/537.36 (KHTML, like Gecko) Chrome/96.0.4664.45 Safari/537.36"
123.21.242.255 - - [22/Nov/2021:06:28:29 +0000] "GET /wp-login.php?redirect_to=https%3A%2F%2Fannhushop.com%2Fwp-admin%2Fcustomize.php&reauth=1 HTTP/1.1" 200 7963 "-" "Mozilla/5.0 (Windows NT 10.0; Win64; x64) AppleWebKit/537.36 (KHTML, like Gecko) Chrome/96.0.4664.45 Safari/537.36"
123.21.242.255 - - [22/Nov/2021:06:28:32 +0000] "GET /wp-includes/js/jquery/jquery.min.js HTTP/1.1" 200 89521 "https://annhushop.com/wp-login.php?redirect_to=https%3A%2F%2Fannhushop.com%2Fwp-admin%2Fcustomize.php&reauth=1" "Mozilla/5.0 (Windows NT 10.0; Win64; x64) AppleWebKit/537.36 (KHTML, like Gecko) Chrome/96.0.4664.45 Safari/537.36"
123.21.242.255 - - [22/Nov/2021:06:28:32 +0000] "GET /wp-includes/css/dashicons.min.css HTTP/1.1" 200 59016 "https://annhushop.com/wp-login.php?redirect_to=https%3A%2F%2Fannhushop.com%2Fwp-admin%2Fcustomize.php&reauth=1" "Mozilla/5.0 (Windows NT 10.0; Win64; x64) AppleWebKit/537.36 (KHTML, like Gecko) Chrome/96.0.4664.45 Safari/537.36"
123.21.242.255 - - [22/Nov/2021:06:28:32 +0000] "GET /wp-admin/css/forms.min.css HTTP/1.1" 200 25361 "https://annhushop.com/wp-login.php?redirect_to=https%3A%2F%2Fannhushop.com%2Fwp-admin%2Fcustomize.php&reauth=1" "Mozilla/5.0 (Windows NT 10.0; Win64; x64) AppleWebKit/537.36 (KHTML, like Gecko) Chrome/96.0.4664.45 Safari/537.36"
123.21.242.255 - - [22/Nov/2021:06:28:32 +0000] "GET /wp-admin/css/login.min.css HTTP/1.1" 200 5716 "https://annhushop.com/wp-login.php?redirect_to=https%3A%2F%2Fannhushop.com%2Fwp-admin%2Fcustomize.php&reauth=1" "Mozilla/5.0 (Windows NT 10.0; Win64; x64) AppleWebKit/537.36 (KHTML, like Gecko) Chrome/96.0.4664.45 Safari/537.36"
123.21.242.255 - - [22/Nov/2021:06:28:32 +0000] "GET /wp-admin/css/l10n.min.css HTTP/1.1" 200 2477 "https://annhushop.com/wp-login.php?redirect_to=https%3A%2F%2Fannhushop.com%2Fwp-admin%2Fcustomize.php&reauth=1" "Mozilla/5.0 (Windows NT 10.0; Win64; x64) AppleWebKit/537.36 (KHTML, like Gecko) Chrome/96.0.4664.45 Safari/537.36"
123.21.242.255 - - [22/Nov/2021:06:28:32 +0000] "GET /wp-includes/css/buttons.min.css HTTP/1.1" 200 5854 "https://annhushop.com/wp-login.php?redirect_to=https%3A%2F%2Fannhushop.com%2Fwp-admin%2Fcustomize.php&reauth=1" "Mozilla/5.0 (Windows NT 10.0; Win64; x64) AppleWebKit/537.36 (KHTML, like Gecko) Chrome/96.0.4664.45 Safari/537.36"
123.21.242.255 - - [22/Nov/2021:06:28:34 +0000] "GET /wp-content/plugins/creative-mail-by-constant-contact/assets/js/block/submit.js HTTP/1.1" 200 4184 "https://annhushop.com/wp-login.php?redirect_to=https%3A%2F%2Fannhushop.com%2Fwp-admin%2Fcustomize.php&reauth=1" "Mozilla/5.0 (Windows NT 10.0; Win64; x64) AppleWebKit/537.36 (KHTML, like Gecko) Chrome/96.0.4664.45 Safari/537.36"
123.21.242.255 - - [22/Nov/2021:06:28:34 +0000] "GET /wp-includes/js/jquery/jquery-migrate.min.js HTTP/1.1" 200 11224 "https://annhushop.com/wp-login.php?redirect_to=https%3A%2F%2Fannhushop.com%2Fwp-admin%2Fcustomize.php&reauth=1" "Mozilla/5.0 (Windows NT 10.0; Win64; x64) AppleWebKit/537.36 (KHTML, like Gecko) Chrome/96.0.4664.45 Safari/537.36"
123.21.242.255 - - [22/Nov/2021:06:28:34 +0000] "GET /wp-includes/js/dist/vendor/regenerator-runtime.min.js HTTP/1.1" 200 6406 "https://annhushop.com/wp-login.php?redirect_to=https%3A%2F%2Fannhushop.com%2Fwp-admin%2Fcustomize.php&reauth=1" "Mozilla/5.0 (Windows NT 10.0; Win64; x64) AppleWebKit/537.36 (KHTML, like Gecko) Chrome/96.0.4664.45 Safari/537.36"
123.21.242.255 - - [22/Nov/2021:06:28:34 +0000] "GET /wp-includes/js/zxcvbn-async.min.js HTTP/1.1" 200 351 "https://annhushop.com/wp-login.php?redirect_to=https%3A%2F%2Fannhushop.com%2Fwp-admin%2Fcustomize.php&reauth=1" "Mozilla/5.0 (Windows NT 10.0; Win64; x64) AppleWebKit/537.36 (KHTML, like Gecko) Chrome/96.0.4664.45 Safari/537.36"
123.21.242.255 - - [22/Nov/2021:06:28:34 +0000] "GET /wp-includes/js/dist/vendor/wp-polyfill.min.js HTTP/1.1" 200 16470 "https://annhushop.com/wp-login.php?redirect_to=https%3A%2F%2Fannhushop.com%2Fwp-admin%2Fcustomize.php&reauth=1" "Mozilla/5.0 (Windows NT 10.0; Win64; x64) AppleWebKit/537.36 (KHTML, like Gecko) Chrome/96.0.4664.45 Safari/537.36"
123.21.242.255 - - [22/Nov/2021:06:28:35 +0000] "GET /wp-includes/js/dist/hooks.min.js HTTP/1.1" 200 5440 "https://annhushop.com/wp-login.php?redirect_to=https%3A%2F%2Fannhushop.com%2Fwp-admin%2Fcustomize.php&reauth=1" "Mozilla/5.0 (Windows NT 10.0; Win64; x64) AppleWebKit/537.36 (KHTML, like Gecko) Chrome/96.0.4664.45 Safari/537.36"
123.21.242.255 - - [22/Nov/2021:06:28:35 +0000] "GET /wp-includes/js/dist/i18n.min.js HTTP/1.1" 200 9866 "https://annhushop.com/wp-login.php?redirect_to=https%3A%2F%2Fannhushop.com%2Fwp-admin%2Fcustomize.php&reauth=1" "Mozilla/5.0 (Windows NT 10.0; Win64; x64) AppleWebKit/537.36 (KHTML, like Gecko) Chrome/96.0.4664.45 Safari/537.36"
123.21.242.255 - - [22/Nov/2021:06:28:35 +0000] "GET /wp-includes/js/underscore.min.js HTTP/1.1" 200 19076 "https://annhushop.com/wp-login.php?redirect_to=https%3A%2F%2Fannhushop.com%2Fwp-admin%2Fcustomize.php&reauth=1" "Mozilla/5.0 (Windows NT 10.0; Win64; x64) AppleWebKit/537.36 (KHTML, like Gecko) Chrome/96.0.4664.45 Safari/537.36"
123.21.242.255 - - [22/Nov/2021:06:28:35 +0000] "GET /wp-admin/js/password-strength-meter.min.js HTTP/1.1" 200 1123 "https://annhushop.com/wp-login.php?redirect_to=https%3A%2F%2Fannhushop.com%2Fwp-admin%2Fcustomize.php&reauth=1" "Mozilla/5.0 (Windows NT 10.0; Win64; x64) AppleWebKit/537.36 (KHTML, like Gecko) Chrome/96.0.4664.45 Safari/537.36"
123.21.242.255 - - [22/Nov/2021:06:28:35 +0000] "GET /wp-includes/js/wp-util.min.js HTTP/1.1" 200 1340 "https://annhushop.com/wp-login.php?redirect_to=https%3A%2F%2Fannhushop.com%2Fwp-admin%2Fcustomize.php&reauth=1" "Mozilla/5.0 (Windows NT 10.0; Win64; x64) AppleWebKit/537.36 (KHTML, like Gecko) Chrome/96.0.4664.45 Safari/537.36"
123.21.242.255 - - [22/Nov/2021:06:28:36 +0000] "GET /wp-admin/js/user-profile.min.js HTTP/1.1" 200 6080 "https://annhushop.com/wp-login.php?redirect_to=https%3A%2F%2Fannhushop.com%2Fwp-admin%2Fcustomize.php&reauth=1" "Mozilla/5.0 (Windows NT 10.0; Win64; x64) AppleWebKit/537.36 (KHTML, like Gecko) Chrome/96.0.4664.45 Safari/537.36"
123.21.242.255 - - [22/Nov/2021:06:28:37 +0000] "GET /wp-admin/images/wordpress-logo.svg?ver=20131107 HTTP/1.1" 200 1521 "https://annhushop.com/wp-admin/css/login.min.css" "Mozilla/5.0 (Windows NT 10.0; Win64; x64) AppleWebKit/537.36 (KHTML, like Gecko) Chrome/96.0.4664.45 Safari/537.36"
123.21.242.255 - - [22/Nov/2021:06:28:39 +0000] "GET /favicon.ico HTTP/1.1" 302 - "https://annhushop.com/wp-login.php?redirect_to=https%3A%2F%2Fannhushop.com%2Fwp-admin%2Fcustomize.php&reauth=1" "Mozilla/5.0 (Windows NT 10.0; Win64; x64) AppleWebKit/537.36 (KHTML, like Gecko) Chrome/96.0.4664.45 Safari/537.36"
123.21.242.255 - - [22/Nov/2021:06:28:39 +0000] "POST /wp-login.php HTTP/1.1" 302 - "https://annhushop.com/wp-login.php?redirect_to=https%3A%2F%2Fannhushop.com%2Fwp-admin%2Fcustomize.php&reauth=1" "Mozilla/5.0 (Windows NT 10.0; Win64; x64) AppleWebKit/537.36 (KHTML, like Gecko) Chrome/96.0.4664.45 Safari/537.36"
123.21.242.255 - - [22/Nov/2021:06:28:41 +0000] "GET /wp-includes/images/w-logo-blue-white-bg.png HTTP/1.1" 200 4119 "https://annhushop.com/wp-login.php?redirect_to=https%3A%2F%2Fannhushop.com%2Fwp-admin%2Fcustomize.php&reauth=1" "Mozilla/5.0 (Windows NT 10.0; Win64; x64) AppleWebKit/537.36 (KHTML, like Gecko) Chrome/96.0.4664.45 Safari/537.36"
123.21.242.255 - - [22/Nov/2021:06:28:39 +0000] "GET /wp-includes/js/zxcvbn.min.js HTTP/1.1" 200 822237 "https://annhushop.com/wp-login.php?redirect_to=https%3A%2F%2Fannhushop.com%2Fwp-admin%2Fcustomize.php&reauth=1" "Mozilla/5.0 (Windows NT 10.0; Win64; x64) AppleWebKit/537.36 (KHTML, like Gecko) Chrome/96.0.4664.45 Safari/537.36"
123.21.242.255 - - [22/Nov/2021:06:28:46 +0000] "GET /wp-content/plugins/woocommerce/packages/woocommerce-blocks/build/wc-blocks-vendors-style.css?ver=5.9.1 HTTP/1.1" 200 5305 "https://annhushop.com/wp-admin/customize.php" "Mozilla/5.0 (Windows NT 10.0; Win64; x64) AppleWebKit/537.36 (KHTML, like Gecko) Chrome/96.0.4664.45 Safari/537.36"
123.21.242.255 - - [22/Nov/2021:06:28:46 +0000] "GET /wp-content/plugins/creative-mail-by-constant-contact/assets/js/block/subscribe.css?ver=5.8.2 HTTP/1.1" 200 1638 "https://annhushop.com/wp-admin/customize.php" "Mozilla/5.0 (Windows NT 10.0; Win64; x64) AppleWebKit/537.36 (KHTML, like Gecko) Chrome/96.0.4664.45 Safari/537.36"
123.21.242.255 - - [22/Nov/2021:06:28:46 +0000] "GET /wp-content/plugins/woocommerce-services/dist/woocommerce-services-banner-1.25.19.css HTTP/1.1" 200 2304 "https://annhushop.com/wp-admin/customize.php" "Mozilla/5.0 (Windows NT 10.0; Win64; x64) AppleWebKit/537.36 (KHTML, like Gecko) Chrome/96.0.4664.45 Safari/537.36"
123.21.242.255 - - [22/Nov/2021:06:28:46 +0000] "GET /wp-includes/js/imgareaselect/imgareaselect.css?ver=0.9.8 HTTP/1.1" 200 790 "https://annhushop.com/wp-admin/customize.php" "Mozilla/5.0 (Windows NT 10.0; Win64; x64) AppleWebKit/537.36 (KHTML, like Gecko) Chrome/96.0.4664.45 Safari/537.36"
123.21.242.255 - - [22/Nov/2021:06:28:47 +0000] "GET /wp-content/plugins/creative-mail-by-constant-contact//assets/css/admin.css?ver=1.4.7 HTTP/1.1" 200 26974 "https://annhushop.com/wp-admin/customize.php" "Mozilla/5.0 (Windows NT 10.0; Win64; x64) AppleWebKit/537.36 (KHTML, like Gecko) Chrome/96.0.4664.45 Safari/537.36"
123.21.242.255 - - [22/Nov/2021:06:28:48 +0000] "GET /wp-content/plugins/mythemeshop-connect/assets//css/admin.css?ver=3.0.7 HTTP/1.1" 200 3150 "https://annhushop.com/wp-admin/customize.php" "Mozilla/5.0 (Windows NT 10.0; Win64; x64) AppleWebKit/537.36 (KHTML, like Gecko) Chrome/96.0.4664.45 Safari/537.36"
123.21.242.255 - - [22/Nov/2021:06:28:47 +0000] "GET /wp-content/plugins/woocommerce/packages/woocommerce-blocks/build/wc-blocks-style.css?ver=5.9.1 HTTP/1.1" 200 198045 "https://annhushop.com/wp-admin/customize.php" "Mozilla/5.0 (Windows NT 10.0; Win64; x64) AppleWebKit/537.36 (KHTML, like Gecko) Chrome/96.0.4664.45 Safari/537.36"
123.21.242.255 - - [22/Nov/2021:06:28:47 +0000] "GET /wp-content/plugins/woocommerce/packages/woocommerce-blocks/build/wc-blocks-editor-style.css?ver=5.9.1 HTTP/1.1" 200 110191 "https://annhushop.com/wp-admin/customize.php" "Mozilla/5.0 (Windows NT 10.0; Win64; x64) AppleWebKit/537.36 (KHTML, like Gecko) Chrome/96.0.4664.45 Safari/537.36"
123.21.242.255 - - [22/Nov/2021:06:28:49 +0000] "GET /wp-content/plugins/mailchimp-for-woocommerce/admin/css/mailchimp-woocommerce-admin.css?ver=2.5.3.21 HTTP/1.1" 200 167 "https://annhushop.com/wp-admin/customize.php" "Mozilla/5.0 (Windows NT 10.0; Win64; x64) AppleWebKit/537.36 (KHTML, like Gecko) Chrome/96.0.4664.45 Safari/537.36"
123.21.242.255 - - [22/Nov/2021:06:28:49 +0000] "GET /wp-includes/js/mediaelement/mediaelementplayer-legacy.min.css?ver=4.2.16 HTTP/1.1" 200 11256 "https://annhushop.com/wp-admin/customize.php" "Mozilla/5.0 (Windows NT 10.0; Win64; x64) AppleWebKit/537.36 (KHTML, like Gecko) Chrome/96.0.4664.45 Safari/537.36"
123.21.242.255 - - [22/Nov/2021:06:28:49 +0000] "GET /wp-includes/js/mediaelement/wp-mediaelement.min.css?ver=5.8.2 HTTP/1.1" 200 4186 "https://annhushop.com/wp-admin/customize.php" "Mozilla/5.0 (Windows NT 10.0; Win64; x64) AppleWebKit/537.36 (KHTML, like Gecko) Chrome/96.0.4664.45 Safari/537.36"
123.21.242.255 - - [22/Nov/2021:06:28:50 +0000] "GET /wp-content/plugins/facebook-for-woocommerce/assets/css/facebook-infobanner.css?ver=2.6.5 HTTP/1.1" 200 1120 "https://annhushop.com/wp-admin/customize.php" "Mozilla/5.0 (Windows NT 10.0; Win64; x64) AppleWebKit/537.36 (KHTML, like Gecko) Chrome/96.0.4664.45 Safari/537.36"
123.21.242.255 - - [22/Nov/2021:06:28:50 +0000] "GET /wp-content/plugins/woocommerce/assets/css/menu.css?ver=5.8.0 HTTP/1.1" 200 5527 "https://annhushop.com/wp-admin/customize.php" "Mozilla/5.0 (Windows NT 10.0; Win64; x64) AppleWebKit/537.36 (KHTML, like Gecko) Chrome/96.0.4664.45 Safari/537.36"
54.36.148.93 - - [22/Nov/2021:06:28:49 +0000] "GET /s%E1%BA%A3n%20ph%E1%BA%A9m/loa-vi-tinh-ruizu-rs-380/?add-to-cart=736 HTTP/1.1" 200 87960 "-" "Mozilla/5.0 (compatible; AhrefsBot/7.0; +http://ahrefs.com/robot/)"
123.21.242.255 - - [22/Nov/2021:06:28:50 +0000] "GET /wp-content/plugins/jetpack/css/jetpack-icons.min.css?ver=10.2.1 HTTP/1.1" 200 866 "https://annhushop.com/wp-admin/customize.php" "Mozilla/5.0 (Windows NT 10.0; Win64; x64) AppleWebKit/537.36 (KHTML, like Gecko) Chrome/96.0.4664.45 Safari/537.36"
123.21.242.255 - - [22/Nov/2021:06:28:51 +0000] "GET /wp-content/plugins/jetpack/vendor/automattic/jetpack-jitm/src/css/jetpack-admin-jitm.min.css?ver=2.0.3-201243242 HTTP/1.1" 200 7588 "https://annhushop.com/wp-admin/customize.php" "Mozilla/5.0 (Windows NT 10.0; Win64; x64) AppleWebKit/537.36 (KHTML, like Gecko) Chrome/96.0.4664.45 Safari/537.36"
123.21.242.255 - - [22/Nov/2021:06:28:42 +0000] "GET /wp-admin/customize.php HTTP/1.1" 200 1447372 "https://annhushop.com/wp-login.php?redirect_to=https%3A%2F%2Fannhushop.com%2Fwp-admin%2Fcustomize.php&reauth=1" "Mozilla/5.0 (Windows NT 10.0; Win64; x64) AppleWebKit/537.36 (KHTML, like Gecko) Chrome/96.0.4664.45 Safari/537.36"
123.21.242.255 - - [22/Nov/2021:06:28:51 +0000] "GET /wp-includes/js/codemirror/codemirror.min.css?ver=5.29.1-alpha-ee20357 HTTP/1.1" 200 15899 "https://annhushop.com/wp-admin/customize.php" "Mozilla/5.0 (Windows NT 10.0; Win64; x64) AppleWebKit/537.36 (KHTML, like Gecko) Chrome/96.0.4664.45 Safari/537.36"
123.21.242.255 - - [22/Nov/2021:06:28:46 +0000] "GET /wp-admin/load-styles.php?c=0&dir=ltr&load%5Bchunk_0%5D=dashicons,common,forms,admin-menu,dashboard,list-tables,edit,revisions,media,themes,about,nav-menus,wp-pointer,widgets,site-icon&load%5Bchunk_1%5D=,l10n,buttons,customize-controls,customize-widgets,wp-block-library,wp-components,wp-block-editor,wp-nux,wp-reusable-blocks,wp-e&load%5Bchunk_2%5D=ditor,wp-reset-editor-styles,wp-editor-classic-layout-styles,wp-block-library-theme,wp-edit-blocks,media-views,wp-widgets,wp-cus&load%5Bchunk_3%5D=tomize-widgets,wp-block-directory,wp-format-library,customize-nav-menus,code-editor&ver=5.8.2 HTTP/1.1" 200 900586 "https://annhushop.com/wp-admin/customize.php" "Mozilla/5.0 (Windows NT 10.0; Win64; x64) AppleWebKit/537.36 (KHTML, like Gecko) Chrome/96.0.4664.45 Safari/537.36"
123.21.242.255 - - [22/Nov/2021:06:28:51 +0000] "GET /wp-content/plugins/wp-subscribe/assets/css/wp-subscribe-options.css?ver=5.8.2 HTTP/1.1" 200 5163 "https://annhushop.com/wp-admin/customize.php" "Mozilla/5.0 (Windows NT 10.0; Win64; x64) AppleWebKit/537.36 (KHTML, like Gecko) Chrome/96.0.4664.45 Safari/537.36"
123.21.242.255 - - [22/Nov/2021:06:28:51 +0000] "GET /wp-admin/load-styles.php?c=0&dir=ltr&load%5Bchunk_0%5D=editor-buttons&ver=5.8.2 HTTP/1.1" 200 27189 "https://annhushop.com/wp-admin/customize.php" "Mozilla/5.0 (Windows NT 10.0; Win64; x64) AppleWebKit/537.36 (KHTML, like Gecko) Chrome/96.0.4664.45 Safari/537.36"
123.21.242.255 - - [22/Nov/2021:06:28:52 +0000] "GET /wp-includes/js/dist/i18n.min.js?ver=5f1269854226b4dd90450db411a12b79 HTTP/1.1" 200 9866 "https://annhushop.com/wp-admin/customize.php" "Mozilla/5.0 (Windows NT 10.0; Win64; x64) AppleWebKit/537.36 (KHTML, like Gecko) Chrome/96.0.4664.45 Safari/537.36"
123.21.242.255 - - [22/Nov/2021:06:28:52 +0000] "GET /wp-includes/js/dist/a11y.min.js?ver=0ac8327cc1c40dcfdf29716affd7ac63 HTTP/1.1" 200 3009 "https://annhushop.com/wp-admin/customize.php" "Mozilla/5.0 (Windows NT 10.0; Win64; x64) AppleWebKit/537.36 (KHTML, like Gecko) Chrome/96.0.4664.45 Safari/537.36"
123.21.242.255 - - [22/Nov/2021:06:28:53 +0000] "GET /wp-includes/js/jquery/ui/core.min.js?ver=1.12.1 HTTP/1.1" 200 20787 "https://annhushop.com/wp-admin/customize.php" "Mozilla/5.0 (Windows NT 10.0; Win64; x64) AppleWebKit/537.36 (KHTML, like Gecko) Chrome/96.0.4664.45 Safari/537.36"
123.21.242.255 - - [22/Nov/2021:06:28:53 +0000] "GET /wp-includes/js/wp-util.min.js?ver=5.8.2 HTTP/1.1" 200 1340 "https://annhushop.com/wp-admin/customize.php" "Mozilla/5.0 (Windows NT 10.0; Win64; x64) AppleWebKit/537.36 (KHTML, like Gecko) Chrome/96.0.4664.45 Safari/537.36"
123.21.242.255 - - [22/Nov/2021:06:28:53 +0000] "GET /wp-includes/js/jquery/ui/mouse.min.js?ver=1.12.1 HTTP/1.1" 200 3380 "https://annhushop.com/wp-admin/customize.php" "Mozilla/5.0 (Windows NT 10.0; Win64; x64) AppleWebKit/537.36 (KHTML, like Gecko) Chrome/96.0.4664.45 Safari/537.36"
123.21.242.255 - - [22/Nov/2021:06:28:52 +0000] "GET /wp-admin/load-scripts.php?c=0&load%5Bchunk_0%5D=jquery-core,jquery-migrate,regenerator-runtime,wp-polyfill,wp-hooks,underscore,wp-dom-ready&ver=5.8.2 HTTP/1.1" 200 149401 "https://annhushop.com/wp-admin/customize.php" "Mozilla/5.0 (Windows NT 10.0; Win64; x64) AppleWebKit/537.36 (KHTML, like Gecko) Chrome/96.0.4664.45 Safari/537.36"
123.21.242.255 - - [22/Nov/2021:06:28:53 +0000] "GET /wp-includes/js/jquery/ui/sortable.min.js?ver=1.12.1 HTTP/1.1" 200 24782 "https://annhushop.com/wp-admin/customize.php" "Mozilla/5.0 (Windows NT 10.0; Win64; x64) AppleWebKit/537.36 (KHTML, like Gecko) Chrome/96.0.4664.45 Safari/537.36"
123.21.242.255 - - [22/Nov/2021:06:28:54 +0000] "GET /wp-includes/js/jquery/ui/draggable.min.js?ver=1.12.1 HTTP/1.1" 200 18291 "https://annhushop.com/wp-admin/customize.php" "Mozilla/5.0 (Windows NT 10.0; Win64; x64) AppleWebKit/537.36 (KHTML, like Gecko) Chrome/96.0.4664.45 Safari/537.36"
123.21.242.255 - - [22/Nov/2021:06:28:54 +0000] "GET /wp-includes/js/jquery/ui/droppable.min.js?ver=1.12.1 HTTP/1.1" 200 6581 "https://annhushop.com/wp-admin/customize.php" "Mozilla/5.0 (Windows NT 10.0; Win64; x64) AppleWebKit/537.36 (KHTML, like Gecko) Chrome/96.0.4664.45 Safari/537.36"
123.21.242.255 - - [22/Nov/2021:06:28:55 +0000] "GET /wp-includes/js/backbone.min.js?ver=1.4.0 HTTP/1.1" 200 23818 "https://annhushop.com/wp-admin/customize.php" "Mozilla/5.0 (Windows NT 10.0; Win64; x64) AppleWebKit/537.36 (KHTML, like Gecko) Chrome/96.0.4664.45 Safari/537.36"
123.21.242.255 - - [22/Nov/2021:06:28:55 +0000] "GET /wp-includes/js/wp-backbone.min.js?ver=5.8.2 HTTP/1.1" 200 3037 "https://annhushop.com/wp-admin/customize.php" "Mozilla/5.0 (Windows NT 10.0; Win64; x64) AppleWebKit/537.36 (KHTML, like Gecko) Chrome/96.0.4664.45 Safari/537.36"
123.21.242.255 - - [22/Nov/2021:06:28:55 +0000] "GET /wp-includes/js/dist/vendor/lodash.min.js?ver=4.17.19 HTTP/1.1" 200 73015 "https://annhushop.com/wp-admin/customize.php" "Mozilla/5.0 (Windows NT 10.0; Win64; x64) AppleWebKit/537.36 (KHTML, like Gecko) Chrome/96.0.4664.45 Safari/537.36"
123.21.242.255 - - [22/Nov/2021:06:28:55 +0000] "GET /wp-includes/js/dist/vendor/react.min.js?ver=16.13.1 HTTP/1.1" 200 12463 "https://annhushop.com/wp-admin/customize.php" "Mozilla/5.0 (Windows NT 10.0; Win64; x64) AppleWebKit/537.36 (KHTML, like Gecko) Chrome/96.0.4664.45 Safari/537.36"
123.21.242.255 - - [22/Nov/2021:06:28:55 +0000] "GET /wp-includes/js/dist/blob.min.js?ver=4eca38a62df5f0145a5f1a78858581e7 HTTP/1.1" 200 1574 "https://annhushop.com/wp-admin/customize.php" "Mozilla/5.0 (Windows NT 10.0; Win64; x64) AppleWebKit/537.36 (KHTML, like Gecko) Chrome/96.0.4664.45 Safari/537.36"
123.21.242.255 - - [22/Nov/2021:06:28:56 +0000] "GET /wp-includes/js/dist/autop.min.js?ver=0e55c6c10f6d8a4bd90b2ea903436301 HTTP/1.1" 200 6247 "https://annhushop.com/wp-admin/customize.php" "Mozilla/5.0 (Windows NT 10.0; Win64; x64) AppleWebKit/537.36 (KHTML, like Gecko) Chrome/96.0.4664.45 Safari/537.36"
123.21.242.255 - - [22/Nov/2021:06:28:57 +0000] "GET /wp-includes/js/dist/block-serialization-default-parser.min.js?ver=2fc6dec19af6d4c5e5fec8f6fdc1a10b HTTP/1.1" 200 3015 "https://annhushop.com/wp-admin/customize.php" "Mozilla/5.0 (Windows NT 10.0; Win64; x64) AppleWebKit/537.36 (KHTML, like Gecko) Chrome/96.0.4664.45 Safari/537.36"
123.21.242.255 - - [22/Nov/2021:06:28:57 +0000] "GET /wp-includes/js/dist/deprecated.min.js?ver=932d8bb37da8bbb396a7a3f754345e08 HTTP/1.1" 200 1564 "https://annhushop.com/wp-admin/customize.php" "Mozilla/5.0 (Windows NT 10.0; Win64; x64) AppleWebKit/537.36 (KHTML, like Gecko) Chrome/96.0.4664.45 Safari/537.36"
123.21.242.255 - - [22/Nov/2021:06:28:57 +0000] "GET /wp-includes/js/dist/dom.min.js?ver=a82fdb54a6baeb86aa639117061bf119 HTTP/1.1" 200 13610 "https://annhushop.com/wp-admin/customize.php" "Mozilla/5.0 (Windows NT 10.0; Win64; x64) AppleWebKit/537.36 (KHTML, like Gecko) Chrome/96.0.4664.45 Safari/537.36"
123.21.242.255 - - [22/Nov/2021:06:28:58 +0000] "GET /wp-includes/js/dist/element.min.js?ver=43a121e875f299c637e1115581bee905 HTTP/1.1" 200 9240 "https://annhushop.com/wp-admin/customize.php" "Mozilla/5.0 (Windows NT 10.0; Win64; x64) AppleWebKit/537.36 (KHTML, like Gecko) Chrome/96.0.4664.45 Safari/537.36"
123.21.242.255 - - [22/Nov/2021:06:28:58 +0000] "GET /wp-includes/js/dist/escape-html.min.js?ver=dcba9e40e8782c7d5883426934834b3e HTTP/1.1" 200 1783 "https://annhushop.com/wp-admin/customize.php" "Mozilla/5.0 (Windows NT 10.0; Win64; x64) AppleWebKit/537.36 (KHTML, like Gecko) Chrome/96.0.4664.45 Safari/537.36"
123.21.242.255 - - [22/Nov/2021:06:28:58 +0000] "GET /wp-includes/js/dist/is-shallow-equal.min.js?ver=9b8d91804cfb3ef5b14e6ef816664072 HTTP/1.1" 200 1696 "https://annhushop.com/wp-admin/customize.php" "Mozilla/5.0 (Windows NT 10.0; Win64; x64) AppleWebKit/537.36 (KHTML, like Gecko) Chrome/96.0.4664.45 Safari/537.36"
123.21.242.255 - - [22/Nov/2021:06:28:57 +0000] "GET /wp-includes/js/dist/vendor/react-dom.min.js?ver=16.13.1 HTTP/1.1" 200 118656 "https://annhushop.com/wp-admin/customize.php" "Mozilla/5.0 (Windows NT 10.0; Win64; x64) AppleWebKit/537.36 (KHTML, like Gecko) Chrome/96.0.4664.45 Safari/537.36"
123.21.242.255 - - [22/Nov/2021:06:28:58 +0000] "GET /wp-includes/js/dist/keycodes.min.js?ver=0b881ee2324067c223d746a87ae4ddda HTTP/1.1" 200 3414 "https://annhushop.com/wp-admin/customize.php" "Mozilla/5.0 (Windows NT 10.0; Win64; x64) AppleWebKit/537.36 (KHTML, like Gecko) Chrome/96.0.4664.45 Safari/537.36"
123.21.242.255 - - [22/Nov/2021:06:28:59 +0000] "GET /wp-includes/js/dist/priority-queue.min.js?ver=b2e76fb9887a285b5eff38763f2ac2fc HTTP/1.1" 200 1636 "https://annhushop.com/wp-admin/customize.php" "Mozilla/5.0 (Windows NT 10.0; Win64; x64) AppleWebKit/537.36 (KHTML, like Gecko) Chrome/96.0.4664.45 Safari/537.36"
123.21.242.255 - - [22/Nov/2021:06:29:00 +0000] "GET /wp-includes/js/dist/redux-routine.min.js?ver=fd5f93d1f8206c65d1891cf1f898211e HTTP/1.1" 200 9608 "https://annhushop.com/wp-admin/customize.php" "Mozilla/5.0 (Windows NT 10.0; Win64; x64) AppleWebKit/537.36 (KHTML, like Gecko) Chrome/96.0.4664.45 Safari/537.36"
123.21.242.255 - - [22/Nov/2021:06:29:00 +0000] "GET /wp-includes/js/dist/compose.min.js?ver=35754587ca81a116927d3de1017f4fa0 HTTP/1.1" 200 32431 "https://annhushop.com/wp-admin/customize.php" "Mozilla/5.0 (Windows NT 10.0; Win64; x64) AppleWebKit/537.36 (KHTML, like Gecko) Chrome/96.0.4664.45 Safari/537.36"
123.21.242.255 - - [22/Nov/2021:06:29:00 +0000] "GET /wp-includes/js/dist/html-entities.min.js?ver=26307b6ad1e445fc1a4643f634cb29c6 HTTP/1.1" 200 1416 "https://annhushop.com/wp-admin/customize.php" "Mozilla/5.0 (Windows NT 10.0; Win64; x64) AppleWebKit/537.36 (KHTML, like Gecko) Chrome/96.0.4664.45 Safari/537.36"
123.21.242.255 - - [22/Nov/2021:06:29:00 +0000] "GET /wp-includes/js/dist/data.min.js?ver=a9e98fe3ad76884fe7909ba8348395b7 HTTP/1.1" 200 22555 "https://annhushop.com/wp-admin/customize.php" "Mozilla/5.0 (Windows NT 10.0; Win64; x64) AppleWebKit/537.36 (KHTML, like Gecko) Chrome/96.0.4664.45 Safari/537.36"
123.21.242.255 - - [22/Nov/2021:06:29:00 +0000] "GET /wp-includes/js/dist/primitives.min.js?ver=fedf57cf6da174d1eca2875b8b730af3 HTTP/1.1" 200 2896 "https://annhushop.com/wp-admin/customize.php" "Mozilla/5.0 (Windows NT 10.0; Win64; x64) AppleWebKit/537.36 (KHTML, like Gecko) Chrome/96.0.4664.45 Safari/537.36"
123.21.242.255 - - [22/Nov/2021:06:29:01 +0000] "GET /wp-includes/js/dist/shortcode.min.js?ver=361473450d55d9ffe30983cf22f42a8f HTTP/1.1" 200 3996 "https://annhushop.com/wp-admin/customize.php" "Mozilla/5.0 (Windows NT 10.0; Win64; x64) AppleWebKit/537.36 (KHTML, like Gecko) Chrome/96.0.4664.45 Safari/537.36"
123.21.242.255 - - [22/Nov/2021:06:29:01 +0000] "GET /wp-includes/js/dist/vendor/moment.min.js?ver=2.29.1 HTTP/1.1" 200 58325 "https://annhushop.com/wp-admin/customize.php" "Mozilla/5.0 (Windows NT 10.0; Win64; x64) AppleWebKit/537.36 (KHTML, like Gecko) Chrome/96.0.4664.45 Safari/537.36"
123.21.242.255 - - [22/Nov/2021:06:29:02 +0000] "GET /wp-includes/js/dist/rich-text.min.js?ver=10cd4e4656806fb1a6884c84213af69c HTTP/1.1" 200 34096 "https://annhushop.com/wp-admin/customize.php" "Mozilla/5.0 (Windows NT 10.0; Win64; x64) AppleWebKit/537.36 (KHTML, like Gecko) Chrome/96.0.4664.45 Safari/537.36"
123.21.242.255 - - [22/Nov/2021:06:29:02 +0000] "GET /wp-includes/js/dist/warning.min.js?ver=3e70e9d62208deeee510b84df4dec7f1 HTTP/1.1" 200 2834 "https://annhushop.com/wp-admin/customize.php" "Mozilla/5.0 (Windows NT 10.0; Win64; x64) AppleWebKit/537.36 (KHTML, like Gecko) Chrome/96.0.4664.45 Safari/537.36"
123.21.242.255 - - [22/Nov/2021:06:29:01 +0000] "GET /wp-includes/js/dist/blocks.min.js?ver=7ed7fe32dad771c4e0af4f56539ff156 HTTP/1.1" 200 158047 "https://annhushop.com/wp-admin/customize.php" "Mozilla/5.0 (Windows NT 10.0; Win64; x64) AppleWebKit/537.36 (KHTML, like Gecko) Chrome/96.0.4664.45 Safari/537.36"
123.21.242.255 - - [22/Nov/2021:06:29:01 +0000] "GET /wp-includes/js/dist/date.min.js?ver=061439ac4325ef057b8f9c142c82a823 HTTP/1.1" 200 203411 "https://annhushop.com/wp-admin/customize.php" "Mozilla/5.0 (Windows NT 10.0; Win64; x64) AppleWebKit/537.36 (KHTML, like Gecko) Chrome/96.0.4664.45 Safari/537.36"
123.21.242.255 - - [22/Nov/2021:06:29:03 +0000] "GET /wp-includes/js/dist/keyboard-shortcuts.min.js?ver=d70c8cb490d99422cf8f2693ab7e88d0 HTTP/1.1" 200 4619 "https://annhushop.com/wp-admin/customize.php" "Mozilla/5.0 (Windows NT 10.0; Win64; x64) AppleWebKit/537.36 (KHTML, like Gecko) Chrome/96.0.4664.45 Safari/537.36"
123.21.242.255 - - [22/Nov/2021:06:29:03 +0000] "GET /wp-includes/js/dist/notices.min.js?ver=f5dfeda575085df54ed17c2d8a6afaa4 HTTP/1.1" 200 2636 "https://annhushop.com/wp-admin/customize.php" "Mozilla/5.0 (Windows NT 10.0; Win64; x64) AppleWebKit/537.36 (KHTML, like Gecko) Chrome/96.0.4664.45 Safari/537.36"
123.21.242.255 - - [22/Nov/2021:06:29:04 +0000] "GET /wp-includes/js/dist/token-list.min.js?ver=4440092061c305ccc3ebf8ce18138c8a HTTP/1.1" 200 2124 "https://annhushop.com/wp-admin/customize.php" "Mozilla/5.0 (Windows NT 10.0; Win64; x64) AppleWebKit/537.36 (KHTML, like Gecko) Chrome/96.0.4664.45 Safari/537.36"
123.21.242.255 - - [22/Nov/2021:06:29:04 +0000] "GET /wp-includes/js/dist/url.min.js?ver=d4bdf85a96aa587b52f4b8d58b4457c1 HTTP/1.1" 200 5002 "https://annhushop.com/wp-admin/customize.php" "Mozilla/5.0 (Windows NT 10.0; Win64; x64) AppleWebKit/537.36 (KHTML, like Gecko) Chrome/96.0.4664.45 Safari/537.36"
123.21.242.255 - - [22/Nov/2021:06:29:04 +0000] "GET /wp-includes/js/dist/wordcount.min.js?ver=83b86052fd3fc408a609e60d52164115 HTTP/1.1" 200 3255 "https://annhushop.com/wp-admin/customize.php" "Mozilla/5.0 (Windows NT 10.0; Win64; x64) AppleWebKit/537.36 (KHTML, like Gecko) Chrome/96.0.4664.45 Safari/537.36"
123.21.242.255 - - [22/Nov/2021:06:29:05 +0000] "GET /wp-content/plugins/creative-mail-by-constant-contact/assets/js/block/subscribe.js?ver=3dfa592b262000d14067391ccf4595bd HTTP/1.1" 200 21375 "https://annhushop.com/wp-admin/customize.php" "Mozilla/5.0 (Windows NT 10.0; Win64; x64) AppleWebKit/537.36 (KHTML, like Gecko) Chrome/96.0.4664.45 Safari/537.36"
